Command: D:\ESP-IDF\Espressif\python_env\idf5.5_py3.11_env\Scripts\python.exe D:\ESP-IDF\Espressif\frameworks\esp-idf-v5.5.2\tools/idf_monitor.py -p COM5 -b 115200 --toolchain-prefix xtensa-esp32-elf- --target esp32 --revision 0 D:\ESP_IDF_PROJECT\smart_distance_warnig_system\build\smart_distance_warnig_system.elf D:\ESP_IDF_PROJECT\smart_distance_warnig_system\build\bootloader\bootloader.elf --force-color -m 'D:\ESP-IDF\Espressif\python_env\idf5.5_py3.11_env\Scripts\python.exe' 'D:\ESP-IDF\Espressif\frameworks\esp-idf-v5.5.2\tools\idf.py' '-p' 'COM5'
ets Jul 29 2019 12:21:46

rst:0x1 (POWERON_RESET),boot:0x17 (SPI_FAST_FLASH_BOOT)
configsip: 0, SPIWP:0xee
clk_drv:0x00,q_drv:0x00,d_drv:0x00,cs0_drv:0x00,hd_drv:0x00,wp_drv:0x00
mode:DIO, clock div:2
load:0x3fff0030,len:6384
load:0x40078000,len:15916
load:0x40080400,len:3920
entry 0x40080644
[0;32mI (27) boot: ESP-IDF HEAD-HASH-NOTFOUND 2nd stage bootloader[0m
[0;32mI (27) boot: compile time Mar  6 2026 18:34:46[0m
[0;32mI (28) boot: Multicore bootloader[0m
[0;32mI (30) boot: chip revision: v3.1[0m
[0;32mI (33) boot.esp32: SPI Speed      : 40MHz[0m
[0;32mI (36) boot.esp32: SPI Mode       : DIO[0m
[0;32mI (40) boot.esp32: SPI Flash Size : 2MB[0m
[0;32mI (43) boot: Enabling RNG early entropy source...[0m
[0;32mI (48) boot: Partition Table:[0m
[0;32mI (51) boot: ## Label            Usage          Type ST Offset   Length[0m
[0;32mI (57) boot:  0 nvs              WiFi data        01 02 00009000 00006000[0m
[0;32mI (63) boot:  1 phy_init         RF data          01 01 0000f000 00001000[0m
[0;32mI (70) boot:  2 factory          factory app      00 00 00010000 00100000[0m
[0;32mI (76) boot: End of partition table[0m
[0;32mI (80) esp_image: segment 0: paddr=00010020 vaddr=3f400020 size=0b158h ( 45400) map[0m
[0;32mI (103) esp_image: segment 1: paddr=0001b180 vaddr=3ffb0000 size=02430h (  9264) load[0m
[0;32mI (106) esp_image: segment 2: paddr=0001d5b8 vaddr=40080000 size=02a60h ( 10848) load[0m
[0;32mI (111) esp_image: segment 3: paddr=00020020 vaddr=400d0020 size=14ec4h ( 85700) map[0m
[0;32mI (143) esp_image: segment 4: paddr=00034eec vaddr=40082a60 size=0bacch ( 47820) load[0m
[0;32mI (162) esp_image: segment 5: paddr=000409c0 vaddr=50000000 size=00020h (    32) load[0m
[0;32mI (170) boot: Loaded app from partition at offset 0x10000[0m
[0;32mI (170) boot: Disabling RNG early entropy source...[0m
[0;32mI (180) cpu_start: Multicore app[0m
[0;32mI (189) cpu_start: GPIO 3 and 1 are used as console UART I/O pins[0m
[0;32mI (189) cpu_start: Pro cpu start user code[0m
[0;32mI (189) cpu_start: cpu freq: 160000000 Hz[0m
[0;32mI (191) app_init: Application information:[0m
[0;32mI (195) app_init: Project name:     smart_distance_warnig_system[0m
[0;32mI (200) app_init: App version:      e8f72b2[0m
[0;32mI (204) app_init: Compile time:     Mar  6 2026 18:34:42[0m
[0;32mI (209) app_init: ELF file SHA256:  853cb4896...[0m
[0;32mI (214) app_init: ESP-IDF:          HEAD-HASH-NOTFOUND[0m
[0;32mI (218) efuse_init: Min chip rev:     v0.0[0m
[0;32mI (222) efuse_init: Max chip rev:     v3.99 [0m
[0;32mI (226) efuse_init: Chip rev:         v3.1[0m
[0;32mI (230) heap_init: Initializing. RAM available for dynamic allocation:[0m
[0;32mI (237) heap_init: At 3FFAE6E0 len 00001920 (6 KiB): DRAM[0m
[0;32mI (242) heap_init: At 3FFB2D08 len 0002D2F8 (180 KiB): DRAM[0m
[0;32mI (247) heap_init: At 3FFE0440 len 00003AE0 (14 KiB): D/IRAM[0m
[0;32mI (252) heap_init: At 3FFE4350 len 0001BCB0 (111 KiB): D/IRAM[0m
[0;32mI (258) heap_init: At 4008E52C len 00011AD4 (70 KiB): IRAM[0m
[0;33mW (264) spi_flash: Detected boya flash chip but using generic driver. For optimal functionality, enable `SPI_FLASH_SUPPORT_BOYA_CHIP` in menuconfig[0m
[0;32mI (276) spi_flash: detected chip: generic[0m
[0;32mI (280) spi_flash: flash io: dio[0m
[0;33mW (282) spi_flash: Detected size(4096k) larger than the size in the binary image header(2048k). Using the size in the binary image header.[0m
[0;33mW (295) i2c: This driver is an old driver, please migrate your application code to adapt `driver/i2c_master.h`[0m
[0;32mI (305) main_task: Started on CPU0[0m
[0;32mI (315) main_task: Calling app_main()[0m
[0;32mI (325) main_task: Returned from app_main()[0m
ets Jul 29 2019 12:21:46

rst:0x7 (TG0WDT_SYS_RESET),boot:0x17 (SPI_FAST_FLASH_BOOT)
configsip: 0, SPIWP:0xee
clk_drv:0x00,q_drv:0x00,d_drv:0x00,cs0_drv:0x00,hd_drv:0x00,wp_drv:0x00
mode:DIO, clock div:2
load:0x3fff0030,len:6384
load:0x40078000,len:15916
load:0x40080400,len:3920
entry 0x40080644
[0;32mI (54) boot: ESP-IDF HEAD-HASH-NOTFOUND 2nd stage bootloader[0m
[0;32mI (54) boot: compile time Mar  6 2026 18:34:46[0m
[0;32mI (54) boot: Multicore bootloader[0m
[0;32mI (57) boot: chip revision: v3.1[0m
[0;32mI (60) boot.esp32: SPI Speed      : 40MHz[0m
[0;32mI (64) boot.esp32: SPI Mode       : DIO[0m
[0;32mI (67) boot.esp32: SPI Flash Size : 2MB[0m
[0;33mW (71) boot.esp32: PRO CPU has been reset by WDT[0m
[0;33mW (75) boot.esp32: WDT rst info: PRO CPU PC=0x40083f42[0m
[0;33mW (80) boot.esp32: WDT rst info: APP CPU PC=0x40084292 (waiti mode)[0m
[0;32mI (86) boot: Enabling RNG early entropy source...[0m
[0;32mI (91) boot: Partition Table:[0m
[0;32mI (93) boot: ## Label            Usage          Type ST Offset   Length[0m
[0;32mI (99) boot:  0 nvs              WiFi data        01 02 00009000 00006000[0m
[0;32mI (106) boot:  1 phy_init         RF data          01 01 0000f000 00001000[0m
[0;32mI (113) boot:  2 factory          factory app      00 00 00010000 00100000[0m
[0;32mI (119) boot: End of partition table[0m
[0;32mI (123) esp_image: segment 0: paddr=00010020 vaddr=3f400020 size=0b158h ( 45400) map[0m
[0;32mI (146) esp_image: segment 1: paddr=0001b180 vaddr=3ffb0000 size=02430h (  9264) load[0m
[0;32mI (149) esp_image: segment 2: paddr=0001d5b8 vaddr=40080000 size=02a60h ( 10848) load[0m
[0;32mI (154) esp_image: segment 3: paddr=00020020 vaddr=400d0020 size=14ec4h ( 85700) map[0m
[0;32mI (186) esp_image: segment 4: paddr=00034eec vaddr=40082a60 size=0bacch ( 47820) load[0m
[0;32mI (205) esp_image: segment 5: paddr=000409c0 vaddr=50000000 size=00020h (    32) load[0m
[0;32mI (213) boot: Loaded app from partition at offset 0x10000[0m
[0;32mI (213) boot: Disabling RNG early entropy source...[0m
[0;32mI (223) cpu_start: Multicore app[0m
[0;32mI (232) cpu_start: GPIO 3 and 1 are used as console UART I/O pins[0m
[0;32mI (232) cpu_start: Pro cpu start user code[0m
[0;32mI (232) cpu_start: cpu freq: 160000000 Hz[0m
[0;32mI (234) app_init: Application information:[0m
[0;32mI (238) app_init: Project name:     smart_distance_warnig_system[0m
[0;32mI (243) app_init: App version:      e8f72b2[0m
[0;32mI (247) app_init: Compile time:     Mar  6 2026 18:34:42[0m
[0;32mI (252) app_init: ELF file SHA256:  853cb4896...[0m
[0;32mI (257) app_init: ESP-IDF:          HEAD-HASH-NOTFOUND[0m
[0;32mI (261) efuse_init: Min chip rev:     v0.0[0m
[0;32mI (265) efuse_init: Max chip rev:     v3.99 [0m
[0;32mI (269) efuse_init: Chip rev:         v3.1[0m
[0;32mI (273) heap_init: Initializing. RAM available for dynamic allocation:[0m
[0;32mI (280) heap_init: At 3FFAE6E0 len 00001920 (6 KiB): DRAM[0m
[0;32mI (284) heap_init: At 3FFB2D08 len 0002D2F8 (180 KiB): DRAM[0m
[0;32mI (290) heap_init: At 3FFE0440 len 00003AE0 (14 KiB): D/IRAM[0m
[0;32mI (295) heap_init: At 3FFE4350 len 0001BCB0 (111 KiB): D/IRAM[0m
[0;32mI (301) heap_init: At 4008E52C len 00011AD4 (70 KiB): IRAM[0m
[0;33mW (307) spi_flash: Detected boya flash chip but using generic driver. For optimal functionality, enable `SPI_FLASH_SUPPORT_BOYA_CHIP` in menuconfig[0m
[0;32mI (319) spi_flash: detected chip: generic[0m
[0;32mI (322) spi_flash: flash io: dio[0m
[0;33mW (325) spi_flash: Detected size(4096k) larger than the size in the binary image header(2048k). Using the size in the binary image header.[0m
[0;33mW (338) i2c: This driver is an old driver, please migrate your application code to adapt `driver/i2c_master.h`[0m
[0;32mI (348) main_task: Started on CPU0[0m
[0;32mI (358) main_task: Calling app_main()[0m
[0;32mI (358) main_task: Returned from app_main()[0m
����������������������������������������������������������������ul 29 2019 12:21:46

rst:0x7 (TG0WDT_SYS_RESET),boot:0x17 (SPI_FAST_FLASH_BOOT)
configsip: 0, SPIWP:0xee
clk_drv:0x00,q_drv:0x00,d_drv:0x00,cs0_drv:0x00,hd_drv:0x00,wp_drv:0x00
mode:DIO, clock div:2
load:0x3fff0030,len:6384
load:0x40078000,len:15916
load:0x40080400,len:3920
entry 0x40080644
[0;32mI (54) boot: ESP-IDF HEAD-HASH-NOTFOUND 2nd stage bootloader[0m
[0;32mI (54) boot: compile time Mar  6 2026 18:34:46[0m
[0;32mI (54) boot: Multicore bootloader[0m
[0;32mI (57) boot: chip revision: v3.1[0m
[0;32mI (60) boot.esp32: SPI Speed      : 40MHz[0m
[0;32mI (64) boot.esp32: SPI Mode       : DIO[0m
[0;32mI (67) boot.esp32: SPI Flash Size : 2MB[0m
[0;33mW (71) boot.esp32: PRO CPU has been reset by WDT[0m
[0;33mW (75) boot.esp32: WDT rst info: PRO CPU PC=0x40082a2c[0m
[0;33mW (80) boot.esp32: WDT rst info: APP CPU PC=0x40084292 (waiti mode)[0m
[0;32mI (86) boot: Enabling RNG early entropy source...[0m
[0;32mI (91) boot: Partition Table:[0m
[0;32mI (93) boot: ## Label            Usage          Type ST Offset   Length[0m
[0;32mI (99) boot:  0 nvs              WiFi data        01 02 00009000 00006000[0m
[0;32mI (106) boot:  1 phy_init         RF data          01 01 0000f000 00001000[0m
[0;32mI (113) boot:  2 factory          factory app      00 00 00010000 00100000[0m
[0;32mI (119) boot: End of partition table[0m
[0;32mI (123) esp_image: segment 0: paddr=00010020 vaddr=3f400020 size=0b158h ( 45400) map[0m
[0;32mI (146) esp_image: segment 1: paddr=0001b180 vaddr=3ffb0000 size=02430h (  9264) load[0m
[0;32mI (149) esp_image: segment 2: paddr=0001d5b8 vaddr=40080000 size=02a60h ( 10848) load[0m
[0;32mI (154) esp_image: segment 3: paddr=00020020 vaddr=400d0020 size=14ec4h ( 85700) map[0m
[0;32mI (186) esp_image: segment 4: paddr=00034eec vaddr=40082a60 size=0bacch ( 47820) load[0m
[0;32mI (205) esp_image: segment 5: paddr=000409c0 vaddr=50000000 size=00020h (    32) load[0m
[0;32mI (213) boot: Loaded app from partition at offset 0x10000[0m
[0;32mI (213) boot: Disabling RNG early entropy source...[0m
[0;32mI (223) cpu_start: Multicore app[0m
[0;32mI (232) cpu_start: GPIO 3 and 1 are used as console UART I/O pins[0m
[0;32mI (232) cpu_start: Pro cpu start user code[0m
[0;32mI (232) cpu_start: cpu freq: 160000000 Hz[0m
[0;32mI (234) app_init: Application information:[0m
[0;32mI (238) app_init: Project name:     smart_distance_warnig_system[0m
[0;32mI (243) app_init: App version:      e8f72b2[0m
[0;32mI (247) app_init: Compile time:     Mar  6 2026 18:34:42[0m
[0;32mI (252) app_init: ELF file SHA256:  853cb4896...[0m
[0;32mI (257) app_init: ESP-IDF:          HEAD-HASH-NOTFOUND[0m
[0;32mI (261) efuse_init: Min chip rev:     v0.0[0m
[0;32mI (265) efuse_init: Max chip rev:     v3.99 [0m
[0;32mI (269) efuse_init: Chip rev:         v3.1[0m
[0;32mI (273) heap_init: Initializing. RAM available for dynamic allocation:[0m
[0;32mI (280) heap_init: At 3FFAE6E0 len 00001920 (6 KiB): DRAM[0m
[0;32mI (284) heap_init: At 3FFB2D08 len 0002D2F8 (180 KiB): DRAM[0m
[0;32mI (290) heap_init: At 3FFE0440 len 00003AE0 (14 KiB): D/IRAM[0m
[0;32mI (295) heap_init: At 3FFE4350 len 0001BCB0 (111 KiB): D/IRAM[0m
[0;32mI (301) heap_init: At 4008E52C len 00011AD4 (70 KiB): IRAM[0m
[0;33mW (307) spi_flash: Detected boya flash chip but using generic driver. For optimal functionality, enable `SPI_FLASH_SUPPORT_BOYA_CHIP` in menuconfig[0m
[0;32mI (319) spi_flash: detected chip: generic[0m
[0;32mI (322) spi_flash: flash io: dio[0m
[0;33mW (325) spi_flash: Detected size(4096k) larger than the size in the binary image header(2048k). Using the size in the binary image header.[0m
[0;33mW (338) i2c: This driver is an old driver, please migrate your application code to adapt `driver/i2c_master.h`[0m
[0;32mI (348) main_task: Started on CPU0[0m
[0;32mI (358) main_task: Calling app_main()[0m
[0;32mI (358) main_task: Returned from app_main()[0m
ets Jul 29 2019 12:21:46

rst:0x7 (TG0WDT_SYS_RESET),boot:0x17 (SPI_FAST_FLASH_BOOT)
configsip: 0, SPIWP:0xee
clk_drv:0x00,q_drv:0x00,d_drv:0x00,cs0_drv:0x00,hd_drv:0x00,wp_drv:0x00
mode:DIO, clock div:2
load:0x3fff0030,len:6384
load:0x40078000,len:15916
load:0x40080400,len:3920
entry 0x40080644
[0;32mI (54) boot: ESP-IDF HEAD-HASH-NOTFOUND 2nd stage bootloader[0m
[0;32mI (54) boot: compile time Mar  6 2026 18:34:46[0m
[0;32mI (54) boot: Multicore bootloader[0m
[0;32mI (57) boot: chip revision: v3.1[0m
[0;32mI (60) boot.esp32: SPI Speed      : 40MHz[0m
[0;32mI (64) boot.esp32: SPI Mode       : DIO[0m
[0;32mI (67) boot.esp32: SPI Flash Size : 2MB[0m
[0;33mW (71) boot.esp32: PRO CPU has been reset by WDT[0m
[0;33mW (75) boot.esp32: WDT rst info: PRO CPU PC=0x40083f4c[0m
[0;33mW (80) boot.esp32: WDT rst info: APP CPU PC=0x40084292 (waiti mode)[0m
[0;32mI (86) boot: Enabling RNG early entropy source...[0m
[0;32mI (91) boot: Partition Table:[0m
[0;32mI (93) boot: ## Label            Usage          Type ST Offset   Length[0m
[0;32mI (99) boot:  0 nvs              WiFi data        01 02 00009000 00006000[0m
[0;32mI (106) boot:  1 phy_init         RF data          01 01 0000f000 00001000[0m
[0;32mI (113) boot:  2 factory          factory app      00 00 00010000 00100000[0m
[0;32mI (119) boot: End of partition table[0m
[0;32mI (123) esp_image: segment 0: paddr=00010020 vaddr=3f400020 size=0b158h ( 45400) map[0m
[0;32mI (146) esp_image: segment 1: paddr=0001b180 vaddr=3ffb0000 size=02430h (  9264) load[0m
[0;32mI (149) esp_image: segment 2: paddr=0001d5b8 vaddr=40080000 size=02a60h ( 10848) load[0m
[0;32mI (154) esp_image: segment 3: paddr=00020020 vaddr=400d0020 size=14ec4h ( 85700) map[0m
[0;32mI (186) esp_image: segment 4: paddr=00034eec vaddr=40082a60 size=0bacch ( 47820) load[0m
[0;32mI (205) esp_image: segment 5: paddr=000409c0 vaddr=50000000 size=00020h (    32) load[0m
[0;32mI (213) boot: Loaded app from partition at offset 0x10000[0m
[0;32mI (213) boot: Disabling RNG early entropy source...[0m
[0;32mI (223) cpu_start: Multicore app[0m
[0;32mI (232) cpu_start: GPIO 3 and 1 are used as console UART I/O pins[0m
[0;32mI (232) cpu_start: Pro cpu start user code[0m
[0;32mI (232) cpu_start: cpu freq: 160000000 Hz[0m
[0;32mI (234) app_init: Application information:[0m
[0;32mI (238) app_init: Project name:     smart_distance_warnig_system[0m
[0;32mI (243) app_init: App version:      e8f72b2[0m
[0;32mI (247) app_init: Compile time:     Mar  6 2026 18:34:42[0m
[0;32mI (252) app_init: ELF file SHA256:  853cb4896...[0m
[0;32mI (257) app_init: ESP-IDF:          HEAD-HASH-NOTFOUND[0m
[0;32mI (261) efuse_init: Min chip rev:     v0.0[0m
[0;32mI (265) efuse_init: Max chip rev:     v3.99 [0m
[0;32mI (269) efuse_init: Chip rev:         v3.1[0m
[0;32mI (273) heap_init: Initializing. RAM available for dynamic allocation:[0m
[0;32mI (280) heap_init: At 3FFAE6E0 len 00001920 (6 KiB): DRAM[0m
[0;32mI (284) heap_init: At 3FFB2D08 len 0002D2F8 (180 KiB): DRAM[0m
[0;32mI (290) heap_init: At 3FFE0440 len 00003AE0 (14 KiB): D/IRAM[0m
[0;32mI (295) heap_init: At 3FFE4350 len 0001BCB0 (111 KiB): D/IRAM[0m
[0;32mI (301) heap_init: At 4008E52C len 00011AD4 (70 KiB): IRAM[0m
[0;33mW (307) spi_flash: Detected boya flash chip but using generic driver. For optimal functionality, enable `SPI_FLASH_SUPPORT_BOYA_CHIP` in menuconfig[0m
[0;32mI (319) spi_flash: detected chip: generic[0m
[0;32mI (322) spi_flash: flash io: dio[0m
[0;33mW (325) spi_flash: Detected size(4096k) larger than the size in the binary image header(2048k). Using the size in the binary image header.[0m
[0;33mW (338) i2c: This driver is an old driver, please migrate your application code to adapt `driver/i2c_master.h`[0m
[0;32mI (348) main_task: Started on CPU0[0m
[0;32mI (358) main_task: Calling app_main()[0m
[0;32mI (368) main_task: Returned from app_main()[0m
ets Jul 29 2019 12:21:46

rst:0x7 (TG0WDT_SYS_RESET),boot:0x17 (SPI_FAST_FLASH_BOOT)
configsip: 0, SPIWP:0xee
clk_drv:0x00,q_drv:0x00,d_drv:0x00,cs0_drv:0x00,hd_drv:0x00,wp_drv:0x00
mode:DIO, clock div:2
load:0x3fff0030,len:6384
load:0x40078000,len:15916
load:0x40080400,len:3920
entry 0x40080644
[0;32mI (54) boot: ESP-IDF HEAD-HASH-NOTFOUND 2nd stage bootloader[0m
[0;32mI (54) boot: compile time Mar  6 2026 18:34:46[0m
[0;32mI (54) boot: Multicore bootloader[0m
[0;32mI (57) boot: chip revision: v3.1[0m
[0;32mI (60) boot.esp32: SPI Speed      : 40MHz[0m
[0;32mI (64) boot.esp32: SPI Mode       : DIO[0m
[0;32mI (67) boot.esp32: SPI Flash Size : 2MB[0m
[0;33mW (71) boot.esp32: PRO CPU has been reset by WDT[0m
[0;33mW (75) boot.esp32: WDT rst info: PRO CPU PC=0x40083f44[0m
[0;33mW (80) boot.esp32: WDT rst info: APP CPU PC=0x40084292 (waiti mode)[0m
[0;32mI (86) boot: Enabling RNG early entropy source...[0m
[0;32mI (91) boot: Partition Table:[0m
[0;32mI (93) boot: ## Label            Usage          Type ST Offset   Length[0m
[0;32mI (99) boot:  0 nvs              WiFi data        01 02 00009000 00006000[0m
[0;32mI (106) boot:  1 phy_init         RF data          01 01 0000f000 00001000[0m
[0;32mI (113) boot:  2 factory          factory app      00 00 00010000 00100000[0m
[0;32mI (119) boot: End of partition table[0m
[0;32mI (123) esp_image: segment 0: paddr=00010020 vaddr=3f400020 size=0b158h ( 45400) map[0m
[0;32mI (146) esp_image: segment 1: paddr=0001b180 vaddr=3ffb0000 size=02430h (  9264) load[0m
[0;32mI (149) esp_image: segment 2: paddr=0001d5b8 vaddr=40080000 size=02a60h ( 10848) load[0m
[0;32mI (154) esp_image: segment 3: paddr=00020020 vaddr=400d0020 size=14ec4h ( 85700) map[0m
[0;32mI (186) esp_image: segment 4: paddr=00034eec vaddr=40082a60 size=0bacch ( 47820) load[0m
[0;32mI (205) esp_image: segment 5: paddr=000409c0 vaddr=50000000 size=00020h (    32) load[0m
[0;32mI (213) boot: Loaded app from partition at offset 0x10000[0m
[0;32mI (213) boot: Disabling RNG early entropy source...[0m
[0;32mI (223) cpu_start: Multicore app[0m
[0;32mI (232) cpu_start: GPIO 3 and 1 are used as console UART I/O pins[0m
[0;32mI (232) cpu_start: Pro cpu start user code[0m
[0;32mI (232) cpu_start: cpu freq: 160000000 Hz[0m
[0;32mI (234) app_init: Application information:[0m
[0;32mI (238) app_init: Project name:     smart_distance_warnig_system[0m
[0;32mI (243) app_init: App version:      e8f72b2[0m
[0;32mI (247) app_init: Compile time:     Mar  6 2026 18:34:42[0m
[0;32mI (252) app_init: ELF file SHA256:  853cb4896...[0m
[0;32mI (257) app_init: ESP-IDF:          HEAD-HASH-NOTFOUND[0m
[0;32mI (261) efuse_init: Min chip rev:     v0.0[0m
[0;32mI (265) efuse_init: Max chip rev:     v3.99 [0m
[0;32mI (269) efuse_init: Chip rev:         v3.1[0m
[0;32mI (273) heap_init: Initializing. RAM available for dynamic allocation:[0m
[0;32mI (280) heap_init: At 3FFAE6E0 len 00001920 (6 KiB): DRAM[0m
[0;32mI (284) heap_init: At 3FFB2D08 len 0002D2F8 (180 KiB): DRAM[0m
[0;32mI (290) heap_init: At 3FFE0440 len 00003AE0 (14 KiB): D/IRAM[0m
[0;32mI (295) heap_init: At 3FFE4350 len 0001BCB0 (111 KiB): D/IRAM[0m
[0;32mI (301) heap_init: At 4008E52C len 00011AD4 (70 KiB): IRAM[0m
[0;33mW (307) spi_flash: Detected boya flash chip but using generic driver. For optimal functionality, enable `SPI_FLASH_SUPPORT_BOYA_CHIP` in menuconfig[0m
[0;32mI (319) spi_flash: detected chip: generic[0m
[0;32mI (322) spi_flash: flash io: dio[0m
[0;33mW (325) spi_flash: Detected size(4096k) larger than the size in the binary image header(2048k). Using the size in the binary image header.[0m
[0;33mW (338) i2c: This driver is an old driver, please migrate your application code to adapt `driver/i2c_master.h`[0m
[0;32mI (348) main_task: Started on CPU0[0m
[0;32mI (358) main_task: Calling app_main()[0m
[0;32mI (358) main_task: Returned from app_main()[0m
ets Jul 29 2019 12:21:46

rst:0x7 (TG0WDT_SYS_RESET),boot:0x17 (SPI_FAST_FLASH_BOOT)
configsip: 0, SPIWP:0xee
clk_drv:0x00,q_drv:0x00,d_drv:0x00,cs0_drv:0x00,hd_drv:0x00,wp_drv:0x00
mode:DIO, clock div:2
load:0x3fff0030,len:6384
load:0x40078000,len:15916
load:0x40080400,len:3920
entry 0x40080644
[0;32mI (54) boot: ESP-IDF HEAD-HASH-NOTFOUND 2nd stage bootloader[0m
[0;32mI (54) boot: compile time Mar  6 2026 18:34:46[0m
[0;32mI (54) boot: Multicore bootloader[0m
[0;32mI (57) boot: chip revision: v3.1[0m
[0;32mI (60) boot.esp32: SPI Speed      : 40MHz[0m
[0;32mI (64) boot.esp32: SPI Mode       : DIO[0m
[0;32mI (67) boot.esp32: SPI Flash Size : 2MB[0m
[0;33mW (71) boot.esp32: PRO CPU has been reset by WDT[0m
[0;33mW (75) boot.esp32: WDT rst info: PRO CPU PC=0x40083f34[0m
[0;33mW (80) boot.esp32: WDT rst info: APP CPU PC=0x40084292 (waiti mode)[0m
[0;32mI (86) boot: Enabling RNG early entropy source...[0m
[0;32mI (91) boot: Partition Table:[0m
[0;32mI (93) boot: ## Label            Usage          Type ST Offset   Length[0m
[0;32mI (99) boot:  0 nvs              WiFi data        01 02 00009000 00006000[0m
[0;32mI (106) boot:  1 phy_init         RF data          01 01 0000f000 00001000[0m
[0;32mI (113) boot:  2 factory          factory app      00 00 00010000 00100000[0m
[0;32mI (119) boot: End of partition table[0m
[0;32mI (123) esp_image: segment 0: paddr=00010020 vaddr=3f400020 size=0b158h ( 45400) map[0m
[0;32mI (146) esp_image: segment 1: paddr=0001b180 vaddr=3ffb0000 size=02430h (  9264) load[0m
[0;32mI (149) esp_image: segment 2: paddr=0001d5b8 vaddr=40080000 size=02a60h ( 10848) load[0m
[0;32mI (154) esp_image: segment 3: paddr=00020020 vaddr=400d0020 size=14ec4h ( 85700) map[0m
[0;32mI (186) esp_image: segment 4: paddr=00034eec vaddr=40082a60 size=0bacch ( 47820) load[0m
[0;32mI (205) esp_image: segment 5: paddr=000409c0 vaddr=50000000 size=00020h (    32) load[0m
[0;32mI (213) boot: Loaded app from partition at offset 0x10000[0m
[0;32mI (213) boot: Disabling RNG early entropy source...[0m
[0;32mI (223) cpu_start: Multicore app[0m
[0;32mI (232) cpu_start: GPIO 3 and 1 are used as console UART I/O pins[0m
[0;32mI (232) cpu_start: Pro cpu start user code[0m
[0;32mI (232) cpu_start: cpu freq: 160000000 Hz[0m
[0;32mI (234) app_init: Application information:[0m
[0;32mI (238) app_init: Project name:     smart_distance_warnig_system[0m
[0;32mI (243) app_init: App version:      e8f72b2[0m
[0;32mI (247) app_init: Compile time:     Mar  6 2026 18:34:42[0m
[0;32mI (252) app_init: ELF file SHA256:  853cb4896...[0m
[0;32mI (257) app_init: ESP-IDF:          HEAD-HASH-NOTFOUND[0m
[0;32mI (261) efuse_init: Min chip rev:     v0.0[0m
[0;32mI (265) efuse_init: Max chip rev:     v3.99 [0m
[0;32mI (269) efuse_init: Chip rev:         v3.1[0m
[0;32mI (273) heap_init: Initializing. RAM available for dynamic allocation:[0m
[0;32mI (280) heap_init: At 3FFAE6E0 len 00001920 (6 KiB): DRAM[0m
[0;32mI (284) heap_init: At 3FFB2D08 len 0002D2F8 (180 KiB): DRAM[0m
[0;32mI (290) heap_init: At 3FFE0440 len 00003AE0 (14 KiB): D/IRAM[0m
[0;32mI (295) heap_init: At 3FFE4350 len 0001BCB0 (111 KiB): D/IRAM[0m
[0;32mI (301) heap_init: At 4008E52C len 00011AD4 (70 KiB): IRAM[0m
[0;33mW (307) spi_flash: Detected boya flash chip but using generic driver. For optimal functionality, enable `SPI_FLASH_SUPPORT_BOYA_CHIP` in menuconfig[0m
[0;32mI (319) spi_flash: detected chip: generic[0m
[0;32mI (322) spi_flash: flash io: dio[0m
[0;33mW (325) spi_flash: Detected size(4096k) larger than the size in the binary image header(2048k). Using the size in the binary image header.[0m
[0;33mW (338) i2c: This driver is an old driver, please migrate your application code to adapt `driver/i2c_master.h`[0m
[0;32mI (348) main_task: Started on CPU0[0m
[0;32mI (358) main_task: Calling app_main()[0m
[0;32mI (368) main_task: Returned from app_main()[0m
ets Jul 29 2019 12:21:46

rst:0x7 (TG0WDT_SYS_RESET),boot:0x17 (SPI_FAST_FLASH_BOOT)
configsip: 0, SPIWP:0xee
clk_drv:0x00,q_drv:0x00,d_drv:0x00,cs0_drv:0x00,hd_drv:0x00,wp_drv:0x00
mode:DIO, clock div:2
load:0x3fff0030,len:6384
load:0x40078000,len:15916
load:0x40080400,len:3920
entry 0x40080644
[0;32mI (54) boot: ESP-IDF HEAD-HASH-NOTFOUND 2nd stage bootloader[0m
[0;32mI (54) boot: compile time Mar  6 2026 18:34:46[0m
[0;32mI (54) boot: Multicore bootloader[0m
[0;32mI (57) boot: chip revision: v3.1[0m
[0;32mI (60) boot.esp32: SPI Speed      : 40MHz[0m
[0;32mI (64) boot.esp32: SPI Mode       : DIO[0m
[0;32mI (67) boot.esp32: SPI Flash Size : 2MB[0m
[0;33mW (71) boot.esp32: PRO CPU has been reset by WDT[0m
[0;33mW (75) boot.esp32: WDT rst info: PRO CPU PC=0x40083f40[0m
[0;33mW (80) boot.esp32: WDT rst info: APP CPU PC=0x40084292 (waiti mode)[0m
[0;32mI (86) boot: Enabling RNG early entropy source...[0m
[0;32mI (91) boot: Partition Table:[0m
[0;32mI (93) boot: ## Label            Usage          Type ST Offset   Length[0m
[0;32mI (99) boot:  0 nvs              WiFi data        01 02 00009000 00006000[0m
[0;32mI (106) boot:  1 phy_init         RF data          01 01 0000f000 00001000[0m
[0;32mI (113) boot:  2 factory          factory app      00 00 00010000 00100000[0m
[0;32mI (119) boot: End of partition table[0m
[0;32mI (123) esp_image: segment 0: paddr=00010020 vaddr=3f400020 size=0b158h ( 45400) map[0m
[0;32mI (146) esp_image: segment 1: paddr=0001b180 vaddr=3ffb0000 size=02430h (  9264) load[0m
[0;32mI (149) esp_image: segment 2: paddr=0001d5b8 vaddr=40080000 size=02a60h ( 10848) load[0m
[0;32mI (154) esp_image: segment 3: paddr=00020020 vaddr=400d0020 size=14ec4h ( 85700) map[0m
[0;32mI (186) esp_image: segment 4: paddr=00034eec vaddr=40082a60 size=0bacch ( 47820) load[0m
[0;32mI (205) esp_image: segment 5: paddr=000409c0 vaddr=50000000 size=00020h (    32) load[0m
[0;32mI (213) boot: Loaded app from partition at offset 0x10000[0m
[0;32mI (213) boot: Disabling RNG early entropy source...[0m
[0;32mI (223) cpu_start: Multicore app[0m
[0;32mI (232) cpu_start: GPIO 3 and 1 are used as console UART I/O pins[0m
[0;32mI (232) cpu_start: Pro cpu start user code[0m
[0;32mI (232) cpu_start: cpu freq: 160000000 Hz[0m
[0;32mI (234) app_init: Application information:[0m
[0;32mI (238) app_init: Project name:     smart_distance_warnig_system[0m
[0;32mI (243) app_init: App version:      e8f72b2[0m
[0;32mI (247) app_init: Compile time:     Mar  6 2026 18:34:42[0m
[0;32mI (252) app_init: ELF file SHA256:  853cb4896...[0m
[0;32mI (257) app_init: ESP-IDF:          HEAD-HASH-NOTFOUND[0m
[0;32mI (261) efuse_init: Min chip rev:     v0.0[0m
[0;32mI (265) efuse_init: Max chip rev:     v3.99 [0m
[0;32mI (269) efuse_init: Chip rev:         v3.1[0m
[0;32mI (273) heap_init: Initializing. RAM available for dynamic allocation:[0m
[0;32mI (280) heap_init: At 3FFAE6E0 len 00001920 (6 KiB): DRAM[0m
[0;32mI (284) heap_init: At 3FFB2D08 len 0002D2F8 (180 KiB): DRAM[0m
[0;32mI (290) heap_init: At 3FFE0440 len 00003AE0 (14 KiB): D/IRAM[0m
[0;32mI (295) heap_init: At 3FFE4350 len 0001BCB0 (111 KiB): D/IRAM[0m
[0;32mI (301) heap_init: At 4008E52C len 00011AD4 (70 KiB): IRAM[0m
[0;33mW (307) spi_flash: Detected boya flash chip but using generic driver. For optimal functionality, enable `SPI_FLASH_SUPPORT_BOYA_CHIP` in menuconfig[0m
[0;32mI (319) spi_flash: detected chip: generic[0m
[0;32mI (322) spi_flash: flash io: dio[0m
[0;33mW (325) spi_flash: Detected size(4096k) larger than the size in the binary image header(2048k). Using the size in the binary image header.[0m
[0;33mW (338) i2c: This driver is an old driver, please migrate your application code to adapt `driver/i2c_master.h`[0m
[0;32mI (348) main_task: Started on CPU0[0m
[0;32mI (358) main_task: Calling app_main()[0m
[0;32mI (358) main_task: Returned from app_main()[0m
ets Jul 29 2019 12:21:46

rst:0x7 (TG0WDT_SYS_RESET),boot:0x17 (SPI_FAST_FLASH_BOOT)
configsip: 0, SPIWP:0xee
clk_drv:0x00,q_drv:0x00,d_drv:0x00,cs0_drv:0x00,hd_drv:0x00,wp_drv:0x00
mode:DIO, clock div:2
load:0x3fff0030,len:6384
load:0x40078000,len:15916
load:0x40080400,len:3920
entry 0x40080644
[0;32mI (54) boot: ESP-IDF HEAD-HASH-NOTFOUND 2nd stage bootloader[0m
[0;32mI (54) boot: compile time Mar  6 2026 18:34:46[0m
[0;32mI (54) boot: Multicore bootloader[0m
[0;32mI (57) boot: chip revision: v3.1[0m
[0;32mI (60) boot.esp32: SPI Speed      : 40MHz[0m
[0;32mI (64) boot.esp32: SPI Mode       : DIO[0m
[0;32mI (67) boot.esp32: SPI Flash Size : 2MB[0m
[0;33mW (71) boot.esp32: PRO CPU has been reset by WDT[0m
[0;33mW (75) boot.esp32: WDT rst info: PRO CPU PC=0x40083f34[0m
[0;33mW (80) boot.esp32: WDT rst info: APP CPU PC=0x40084292 (waiti mode)[0m
[0;32mI (86) boot: Enabling RNG early entropy source...[0m
[0;32mI (91) boot: Partition Table:[0m
[0;32mI (93) boot: ## Label            Usage          Type ST Offset   Length[0m
[0;32mI (99) boot:  0 nvs              WiFi data        01 02 00009000 00006000[0m
[0;32mI (106) boot:  1 phy_init         RF data          01 01 0000f000 00001000[0m
[0;32mI (113) boot:  2 factory          factory app      00 00 00010000 00100000[0m
[0;32mI (119) boot: End of partition table[0m
[0;32mI (123) esp_image: segment 0: paddr=00010020 vaddr=3f400020 size=0b158h ( 45400) map[0m
[0;32mI (146) esp_image: segment 1: paddr=0001b180 vaddr=3ffb0000 size=02430h (  9264) load[0m
[0;32mI (149) esp_image: segment 2: paddr=0001d5b8 vaddr=40080000 size=02a60h ( 10848) load[0m
[0;32mI (154) esp_image: segment 3: paddr=00020020 vaddr=400d0020 size=14ec4h ( 85700) map[0m
[0;32mI (186) esp_image: segment 4: paddr=00034eec vaddr=40082a60 size=0bacch ( 47820) load[0m
[0;32mI (205) esp_image: segment 5: paddr=000409c0 vaddr=50000000 size=00020h (    32) load[0m
[0;32mI (213) boot: Loaded app from partition at offset 0x10000[0m
[0;32mI (213) boot: Disabling RNG early entropy source...[0m
[0;32mI (223) cpu_start: Multicore app[0m
[0;32mI (232) cpu_start: GPIO 3 and 1 are used as console UART I/O pins[0m
[0;32mI (232) cpu_start: Pro cpu start user code[0m
[0;32mI (232) cpu_start: cpu freq: 160000000 Hz[0m
[0;32mI (234) app_init: Application information:[0m
[0;32mI (238) app_init: Project name:     smart_distance_warnig_system[0m
[0;32mI (243) app_init: App version:      e8f72b2[0m
[0;32mI (247) app_init: Compile time:     Mar  6 2026 18:34:42[0m
[0;32mI (252) app_init: ELF file SHA256:  853cb4896...[0m
[0;32mI (257) app_init: ESP-IDF:          HEAD-HASH-NOTFOUND[0m
[0;32mI (261) efuse_init: Min chip rev:     v0.0[0m
[0;32mI (265) efuse_init: Max chip rev:     v3.99 [0m
[0;32mI (269) efuse_init: Chip rev:         v3.1[0m
[0;32mI (273) heap_init: Initializing. RAM available for dynamic allocation:[0m
[0;32mI (280) heap_init: At 3FFAE6E0 len 00001920 (6 KiB): DRAM[0m
[0;32mI (284) heap_init: At 3FFB2D08 len 0002D2F8 (180 KiB): DRAM[0m
[0;32mI (290) heap_init: At 3FFE0440 len 00003AE0 (14 KiB): D/IRAM[0m
[0;32mI (295) heap_init: At 3FFE4350 len 0001BCB0 (111 KiB): D/IRAM[0m
[0;32mI (301) heap_init: At 4008E52C len 00011AD4 (70 KiB): IRAM[0m
[0;33mW (307) spi_flash: Detected boya flash chip but using generic driver. For optimal functionality, enable `SPI_FLASH_SUPPORT_BOYA_CHIP` in menuconfig[0m
[0;32mI (319) spi_flash: detected chip: generic[0m
[0;32mI (322) spi_flash: flash io: dio[0m
[0;33mW (325) spi_flash: Detected size(4096k) larger than the size in the binary image header(2048k). Using the size in the binary image header.[0m
[0;33mW (338) i2c: This driver is an old driver, please migrate your application code to adapt `driver/i2c_master.h`[0m
[0;32mI (348) main_task: Started on CPU0[0m
[0;32mI (358) main_task: Calling app_main()[0m
[0;32mI (368) main_task: Returned from app_main()[0m
ets Jul 29 2019 12:21:46

rst:0x7 (TG0WDT_SYS_RESET),boot:0x17 (SPI_FAST_FLASH_BOOT)
configsip: 0, SPIWP:0xee
clk_drv:0x00,q_drv:0x00,d_drv:0x00,cs0_drv:0x00,hd_drv:0x00,wp_drv:0x00
mode:DIO, clock div:2
load:0x3fff0030,len:6384
load:0x40078000,len:15916
load:0x40080400,len:3920
entry 0x40080644
[0;32mI (54) boot: ESP-IDF HEAD-HASH-NOTFOUND 2nd stage bootloader[0m
[0;32mI (54) boot: compile time Mar  6 2026 18:34:46[0m
[0;32mI (54) boot: Multicore bootloader[0m
[0;32mI (57) boot: chip revision: v3.1[0m
[0;32mI (60) boot.esp32: SPI Speed      : 40MHz[0m
[0;32mI (64) boot.esp32: SPI Mode       : DIO[0m
[0;32mI (67) boot.esp32: SPI Flash Size : 2MB[0m
[0;33mW (71) boot.esp32: PRO CPU has been reset by WDT[0m
[0;33mW (75) boot.esp32: WDT rst info: PRO CPU PC=0x40083fc8[0m
[0;33mW (80) boot.esp32: WDT rst info: APP CPU PC=0x40084292 (waiti mode)[0m
[0;32mI (86) boot: Enabling RNG early entropy source...[0m
[0;32mI (91) boot: Partition Table:[0m
[0;32mI (93) boot: ## Label            Usage          Type ST Offset   Length[0m
[0;32mI (99) boot:  0 nvs              WiFi data        01 02 00009000 00006000[0m
[0;32mI (106) boot:  1 phy_init         RF data          01 01 0000f000 00001000[0m
[0;32mI (113) boot:  2 factory          factory app      00 00 00010000 00100000[0m
[0;32mI (119) boot: End of partition table[0m
[0;32mI (123) esp_image: segment 0: paddr=00010020 vaddr=3f400020 size=0b158h ( 45400) map[0m
[0;32mI (146) esp_image: segment 1: paddr=0001b180 vaddr=3ffb0000 size=02430h (  9264) load[0m
[0;32mI (149) esp_image: segment 2: paddr=0001d5b8 vaddr=40080000 size=02a60h ( 10848) load[0m
[0;32mI (154) esp_image: segment 3: paddr=00020020 vaddr=400d0020 size=14ec4h ( 85700) map[0m
[0;32mI (186) esp_image: segment 4: paddr=00034eec vaddr=40082a60 size=0bacch ( 47820) load[0m
[0;32mI (205) esp_image: segment 5: paddr=000409c0 vaddr=50000000 size=00020h (    32) load[0m
[0;32mI (213) boot: Loaded app from partition at offset 0x10000[0m
[0;32mI (213) boot: Disabling RNG early entropy source...[0m
[0;32mI (223) cpu_start: Multicore app[0m
[0;32mI (232) cpu_start: GPIO 3 and 1 are used as console UART I/O pins[0m
[0;32mI (232) cpu_start: Pro cpu start user code[0m
[0;32mI (232) cpu_start: cpu freq: 160000000 Hz[0m
[0;32mI (234) app_init: Application information:[0m
[0;32mI (238) app_init: Project name:     smart_distance_warnig_system[0m
[0;32mI (243) app_init: App version:      e8f72b2[0m
[0;32mI (247) app_init: Compile time:     Mar  6 2026 18:34:42[0m
[0;32mI (252) app_init: ELF file SHA256:  853cb4896...[0m
[0;32mI (257) app_init: ESP-IDF:          HEAD-HASH-NOTFOUND[0m
[0;32mI (261) efuse_init: Min chip rev:     v0.0[0m
[0;32mI (265) efuse_init: Max chip rev:     v3.99 [0m
[0;32mI (269) efuse_init: Chip rev:         v3.1[0m
[0;32mI (273) heap_init: Initializing. RAM available for dynamic allocation:[0m
[0;32mI (280) heap_init: At 3FFAE6E0 len 00001920 (6 KiB): DRAM[0m
[0;32mI (284) heap_init: At 3FFB2D08 len 0002D2F8 (180 KiB): DRAM[0m
[0;32mI (290) heap_init: At 3FFE0440 len 00003AE0 (14 KiB): D/IRAM[0m
[0;32mI (295) heap_init: At 3FFE4350 len 0001BCB0 (111 KiB): D/IRAM[0m
[0;32mI (301) heap_init: At 4008E52C len 00011AD4 (70 KiB): IRAM[0m
[0;33mW (307) spi_flash: Detected boya flash chip but using generic driver. For optimal functionality, enable `SPI_FLASH_SUPPORT_BOYA_CHIP` in menuconfig[0m
[0;32mI (319) spi_flash: detected chip: generic[0m
[0;32mI (322) spi_flash: flash io: dio[0m
[0;33mW (325) spi_flash: Detected size(4096k) larger than the size in the binary image header(2048k). Using the size in the binary image header.[0m
[0;33mW (338) i2c: This driver is an old driver, please migrate your application code to adapt `driver/i2c_master.h`[0m
[0;32mI (348) main_task: Started on CPU0[0m
[0;32mI (358) main_task: Calling app_main()[0m
[0;32mI (358) main_task: Returned from app_main()[0m
ets Jul 29 2019 12:21:46

rst:0x7 (TG0WDT_SYS_RESET),boot:0x17 (SPI_FAST_FLASH_BOOT)
configsip: 0, SPIWP:0xee
clk_drv:0x00,q_drv:0x00,d_drv:0x00,cs0_drv:0x00,hd_drv:0x00,wp_drv:0x00
mode:DIO, clock div:2
load:0x3fff0030,len:6384
load:0x40078000,len:15916
load:0x40080400,len:3920
entry 0x40080644
[0;32mI (54) boot: ESP-IDF HEAD-HASH-NOTFOUND 2nd stage bootloader[0m
[0;32mI (54) boot: compile time Mar  6 2026 18:34:46[0m
[0;32mI (54) boot: Multicore bootloader[0m
[0;32mI (57) boot: chip revision: v3.1[0m
[0;32mI (60) boot.esp32: SPI Speed      : 40MHz[0m
[0;32mI (64) boot.esp32: SPI Mode       : DIO[0m
[0;32mI (67) boot.esp32: SPI Flash Size : 2MB[0m
[0;33mW (71) boot.esp32: PRO CPU has been reset by WDT[0m
[0;33mW (75) boot.esp32: WDT rst info: PRO CPU PC=0x40082a31[0m
[0;33mW (80) boot.esp32: WDT rst info: APP CPU PC=0x40084292 (waiti mode)[0m
[0;32mI (86) boot: Enabling RNG early entropy source...[0m
[0;32mI (91) boot: Partition Table:[0m
[0;32mI (93) boot: ## Label            Usage          Type ST Offset   Length[0m
[0;32mI (99) boot:  0 nvs              WiFi data        01 02 00009000 00006000[0m
[0;32mI (106) boot:  1 phy_init         RF data          01 01 0000f000 00001000[0m
[0;32mI (113) boot:  2 factory          factory app      00 00 00010000 00100000[0m
[0;32mI (119) boot: End of partition table[0m
[0;32mI (123) esp_image: segment 0: paddr=00010020 vaddr=3f400020 size=0b158h ( 45400) map[0m
[0;32mI (146) esp_image: segment 1: paddr=0001b180 vaddr=3ffb0000 size=02430h (  9264) load[0m
[0;32mI (149) esp_image: segment 2: paddr=0001d5b8 vaddr=40080000 size=02a60h ( 10848) load[0m
[0;32mI (154) esp_image: segment 3: paddr=00020020 vaddr=400d0020 size=14ec4h ( 85700) map[0m
[0;32mI (186) esp_image: segment 4: paddr=00034eec vaddr=40082a60 size=0bacch ( 47820) load[0m
[0;32mI (205) esp_image: segment 5: paddr=000409c0 vaddr=50000000 size=00020h (    32) load[0m
[0;32mI (213) boot: Loaded app from partition at offset 0x10000[0m
[0;32mI (213) boot: Disabling RNG early entropy source...[0m
[0;32mI (223) cpu_start: Multicore app[0m
[0;32mI (232) cpu_start: GPIO 3 and 1 are used as console UART I/O pins[0m
[0;32mI (232) cpu_start: Pro cpu start user code[0m
[0;32mI (232) cpu_start: cpu freq: 160000000 Hz[0m
[0;32mI (234) app_init: Application information:[0m
[0;32mI (238) app_init: Project name:     smart_distance_warnig_system[0m
[0;32mI (243) app_init: App version:      e8f72b2[0m
[0;32mI (247) app_init: Compile time:     Mar  6 2026 18:34:42[0m
[0;32mI (252) app_init: ELF file SHA256:  853cb4896...[0m
[0;32mI (257) app_init: ESP-IDF:          HEAD-HASH-NOTFOUND[0m
[0;32mI (261) efuse_init: Min chip rev:     v0.0[0m
[0;32mI (265) efuse_init: Max chip rev:     v3.99 [0m
[0;32mI (269) efuse_init: Chip rev:         v3.1[0m
[0;32mI (273) heap_init: Initializing. RAM available for dynamic allocation:[0m
[0;32mI (280) heap_init: At 3FFAE6E0 len 00001920 (6 KiB): DRAM[0m
[0;32mI (284) heap_init: At 3FFB2D08 len 0002D2F8 (180 KiB): DRAM[0m
[0;32mI (290) heap_init: At 3FFE0440 len 00003AE0 (14 KiB): D/IRAM[0m
[0;32mI (295) heap_init: At 3FFE4350 len 0001BCB0 (111 KiB): D/IRAM[0m
[0;32mI (301) heap_init: At 4008E52C len 00011AD4 (70 KiB): IRAM[0m
[0;33mW (307) spi_flash: Detected boya flash chip but using generic driver. For optimal functionality, enable `SPI_FLASH_SUPPORT_BOYA_CHIP` in menuconfig[0m
[0;32mI (319) spi_flash: detected chip: generic[0m
[0;32mI (322) spi_flash: flash io: dio[0m
[0;33mW (325) spi_flash: Detected size(4096k) larger than the size in the binary image header(2048k). Using the size in the binary image header.[0m
[0;33mW (338) i2c: This driver is an old driver, please migrate your application code to adapt `driver/i2c_master.h`[0m
[0;32mI (348) main_task: Started on CPU0[0m
[0;32mI (358) main_task: Calling app_main()[0m
[0;32mI (358) main_task: Returned from app_main()[0m
ets Jul 29 2019 12:21:46

rst:0x7 (TG0WDT_SYS_RESET),boot:0x17 (SPI_FAST_FLASH_BOOT)
configsip: 0, SPIWP:0xee
clk_drv:0x00,q_drv:0x00,d_drv:0x00,cs0_drv:0x00,hd_drv:0x00,wp_drv:0x00
mode:DIO, clock div:2
load:0x3fff0030,len:6384
load:0x40078000,len:15916
load:0x40080400,len:3920
entry 0x40080644
[0;32mI (54) boot: ESP-IDF HEAD-HASH-NOTFOUND 2nd stage bootloader[0m
[0;32mI (54) boot: compile time Mar  6 2026 18:34:46[0m
[0;32mI (54) boot: Multicore bootloader[0m
[0;32mI (57) boot: chip revision: v3.1[0m
[0;32mI (60) boot.esp32: SPI Speed      : 40MHz[0m
[0;32mI (64) boot.esp32: SPI Mode       : DIO[0m
[0;32mI (67) boot.esp32: SPI Flash Size : 2MB[0m
[0;33mW (71) boot.esp32: PRO CPU has been reset by WDT[0m
[0;33mW (75) boot.esp32: WDT rst info: PRO CPU PC=0x40083f39[0m
[0;33mW (80) boot.esp32: WDT rst info: APP CPU PC=0x40084292 (waiti mode)[0m
[0;32mI (86) boot: Enabling RNG early entropy source...[0m
[0;32mI (91) boot: Partition Table:[0m
[0;32mI (93) boot: ## Label            Usage          Type ST Offset   Length[0m
[0;32mI (99) boot:  0 nvs              WiFi data        01 02 00009000 00006000[0m
[0;32mI (106) boot:  1 phy_init         RF data          01 01 0000f000 00001000[0m
[0;32mI (113) boot:  2 factory          factory app      00 00 00010000 00100000[0m
[0;32mI (119) boot: End of partition table[0m
[0;32mI (123) esp_image: segment 0: paddr=00010020 vaddr=3f400020 size=0b158h ( 45400) map[0m
[0;32mI (146) esp_image: segment 1: paddr=0001b180 vaddr=3ffb0000 size=02430h (  9264) load[0m
[0;32mI (149) esp_image: segment 2: paddr=0001d5b8 vaddr=40080000 size=02a60h ( 10848) load[0m
[0;32mI (154) esp_image: segment 3: paddr=00020020 vaddr=400d0020 size=14ec4h ( 85700) map[0m
[0;32mI (186) esp_image: segment 4: paddr=00034eec vaddr=40082a60 size=0bacch ( 47820) load[0m
[0;32mI (205) esp_image: segment 5: paddr=000409c0 vaddr=50000000 size=00020h (    32) load[0m
[0;32mI (213) boot: Loaded app from partition at offset 0x10000[0m
[0;32mI (213) boot: Disabling RNG early entropy source...[0m
[0;32mI (223) cpu_start: Multicore app[0m
[0;32mI (232) cpu_start: GPIO 3 and 1 are used as console UART I/O pins[0m
[0;32mI (232) cpu_start: Pro cpu start user code[0m
[0;32mI (232) cpu_start: cpu freq: 160000000 Hz[0m
[0;32mI (234) app_init: Application information:[0m
[0;32mI (238) app_init: Project name:     smart_distance_warnig_system[0m
[0;32mI (243) app_init: App version:      e8f72b2[0m
[0;32mI (247) app_init: Compile time:     Mar  6 2026 18:34:42[0m
[0;32mI (252) app_init: ELF file SHA256:  853cb4896...[0m
[0;32mI (257) app_init: ESP-IDF:          HEAD-HASH-NOTFOUND[0m
[0;32mI (261) efuse_init: Min chip rev:     v0.0[0m
[0;32mI (265) efuse_init: Max chip rev:     v3.99 [0m
[0;32mI (269) efuse_init: Chip rev:         v3.1[0m
[0;32mI (273) heap_init: Initializing. RAM available for dynamic allocation:[0m
[0;32mI (280) heap_init: At 3FFAE6E0 len 00001920 (6 KiB): DRAM[0m
[0;32mI (284) heap_init: At 3FFB2D08 len 0002D2F8 (180 KiB): DRAM[0m
[0;32mI (290) heap_init: At 3FFE0440 len 00003AE0 (14 KiB): D/IRAM[0m
[0;32mI (295) heap_init: At 3FFE4350 len 0001BCB0 (111 KiB): D/IRAM[0m
[0;32mI (301) heap_init: At 4008E52C len 00011AD4 (70 KiB): IRAM[0m
[0;33mW (307) spi_flash: Detected boya flash chip but using generic driver. For optimal functionality, enable `SPI_FLASH_SUPPORT_BOYA_CHIP` in menuconfig[0m
[0;32mI (319) spi_flash: detected chip: generic[0m
[0;32mI (322) spi_flash: flash io: dio[0m
[0;33mW (325) spi_flash: Detected size(4096k) larger than the size in the binary image header(2048k). Using the size in the binary image header.[0m
[0;33mW (338) i2c: This driver is an old driver, please migrate your application code to adapt `driver/i2c_master.h`[0m
[0;32mI (348) main_task: Started on CPU0[0m
[0;32mI (358) main_task: Calling app_main()[0m
[0;32mI (358) main_task: Returned from app_main()[0m
ets Jul 29 2019 12:21:46

rst:0x7 (TG0WDT_SYS_RESET),boot:0x17 (SPI_FAST_FLASH_BOOT)
configsip: 0, SPIWP:0xee
clk_drv:0x00,q_drv:0x00,d_drv:0x00,cs0_drv:0x00,hd_drv:0x00,wp_drv:0x00
mode:DIO, clock div:2
load:0x3fff0030,len:6384
load:0x40078000,len:15916
load:0x40080400,len:3920
entry 0x40080644
[0;32mI (54) boot: ESP-IDF HEAD-HASH-NOTFOUND 2nd stage bootloader[0m
[0;32mI (54) boot: compile time Mar  6 2026 18:34:46[0m
[0;32mI (54) boot: Multicore bootloader[0m
[0;32mI (57) boot: chip revision: v3.1[0m
[0;32mI (60) boot.esp32: SPI Speed      : 40MHz[0m
[0;32mI (64) boot.esp32: SPI Mode       : DIO[0m
[0;32mI (67) boot.esp32: SPI Flash Size : 2MB[0m
[0;33mW (71) boot.esp32: PRO CPU has been reset by WDT[0m
[0;33mW (75) boot.esp32: WDT rst info: PRO CPU PC=0x40083f4c[0m
[0;33mW (80) boot.esp32: WDT rst info: APP CPU PC=0x40084292 (waiti mode)[0m
[0;32mI (86) boot: Enabling RNG early entropy source...[0m
[0;32mI (91) boot: Partition Table:[0m
[0;32mI (93) boot: ## Label            Usage          Type ST Offset   Length[0m
[0;32mI (99) boot:  0 nvs              WiFi data        01 02 00009000 00006000[0m
[0;32mI (106) boot:  1 phy_init         RF data          01 01 0000f000 00001000[0m
[0;32mI (113) boot:  2 factory          factory app      00 00 00010000 00100000[0m
[0;32mI (119) boot: End of partition table[0m
[0;32mI (123) esp_image: segment 0: paddr=00010020 vaddr=3f400020 size=0b158h ( 45400) map[0m
[0;32mI (146) esp_image: segment 1: paddr=0001b180 vaddr=3ffb0000 size=02430h (  9264) load[0m
[0;32mI (149) esp_image: segment 2: paddr=0001d5b8 vaddr=40080000 size=02a60h ( 10848) load[0m
[0;32mI (154) esp_image: segment 3: paddr=00020020 vaddr=400d0020 size=14ec4h ( 85700) map[0m
[0;32mI (186) esp_image: segment 4: paddr=00034eec vaddr=40082a60 size=0bacch ( 47820) load[0m
[0;32mI (205) esp_image: segment 5: paddr=000409c0 vaddr=50000000 size=00020h (    32) load[0m
[0;32mI (213) boot: Loaded app from partition at offset 0x10000[0m
[0;32mI (213) boot: Disabling RNG early entropy source...[0m
[0;32mI (223) cpu_start: Multicore app[0m
[0;32mI (232) cpu_start: GPIO 3 and 1 are used as console UART I/O pins[0m
[0;32mI (232) cpu_start: Pro cpu start user code[0m
[0;32mI (232) cpu_start: cpu freq: 160000000 Hz[0m
[0;32mI (234) app_init: Application information:[0m
[0;32mI (238) app_init: Project name:     smart_distance_warnig_system[0m
[0;32mI (243) app_init: App version:      e8f72b2[0m
[0;32mI (247) app_init: Compile time:     Mar  6 2026 18:34:42[0m
[0;32mI (252) app_init: ELF file SHA256:  853cb4896...[0m
[0;32mI (257) app_init: ESP-IDF:          HEAD-HASH-NOTFOUND[0m
[0;32mI (261) efuse_init: Min chip rev:     v0.0[0m
[0;32mI (265) efuse_init: Max chip rev:     v3.99 [0m
[0;32mI (269) efuse_init: Chip rev:         v3.1[0m
[0;32mI (273) heap_init: Initializing. RAM available for dynamic allocation:[0m
[0;32mI (280) heap_init: At 3FFAE6E0 len 00001920 (6 KiB): DRAM[0m
[0;32mI (284) heap_init: At 3FFB2D08 len 0002D2F8 (180 KiB): DRAM[0m
[0;32mI (290) heap_init: At 3FFE0440 len 00003AE0 (14 KiB): D/IRAM[0m
[0;32mI (295) heap_init: At 3FFE4350 len 0001BCB0 (111 KiB): D/IRAM[0m
[0;32mI (301) heap_init: At 4008E52C len 00011AD4 (70 KiB): IRAM[0m
[0;33mW (307) spi_flash: Detected boya flash chip but using generic driver. For optimal functionality, enable `SPI_FLASH_SUPPORT_BOYA_CHIP` in menuconfig[0m
[0;32mI (319) spi_flash: detected chip: generic[0m
[0;32mI (322) spi_flash: flash io: dio[0m
[0;33mW (325) spi_flash: Detected size(4096k) larger than the size in the binary image header(2048k). Using the size in the binary image header.[0m
[0;33mW (338) i2c: This driver is an old driver, please migrate your application code to adapt `driver/i2c_master.h`[0m
[0;32mI (348) main_task: Started on CPU0[0m
[0;32mI (358) main_task: Calling app_main()[0m
[0;32mI (368) main_task: Returned from app_main()[0m
ets Jul 29 2019 12:21:46

rst:0x7 (TG0WDT_SYS_RESET),boot:0x17 (SPI_FAST_FLASH_BOOT)
configsip: 0, SPIWP:0xee
clk_drv:0x00,q_drv:0x00,d_drv:0x00,cs0_drv:0x00,hd_drv:0x00,wp_drv:0x00
mode:DIO, clock div:2
load:0x3fff0030,len:6384
load:0x40078000,len:15916
load:0x40080400,len:3920
entry 0x40080644
[0;32mI (54) boot: ESP-IDF HEAD-HASH-NOTFOUND 2nd stage bootloader[0m
[0;32mI (54) boot: compile time Mar  6 2026 18:34:46[0m
[0;32mI (54) boot: Multicore bootloader[0m
[0;32mI (57) boot: chip revision: v3.1[0m
[0;32mI (60) boot.esp32: SPI Speed      : 40MHz[0m
[0;32mI (64) boot.esp32: SPI Mode       : DIO[0m
[0;32mI (67) boot.esp32: SPI Flash Size : 2MB[0m
[0;33mW (71) boot.esp32: PRO CPU has been reset by WDT[0m
[0;33mW (75) boot.esp32: WDT rst info: PRO CPU PC=0x40083f46[0m
[0;33mW (80) boot.esp32: WDT rst info: APP CPU PC=0x40084292 (waiti mode)[0m
[0;32mI (86) boot: Enabling RNG early entropy source...[0m
[0;32mI (91) boot: Partition Table:[0m
[0;32mI (93) boot: ## Label            Usage          Type ST Offset   Length[0m
[0;32mI (99) boot:  0 nvs              WiFi data        01 02 00009000 00006000[0m
[0;32mI (106) boot:  1 phy_init         RF data          01 01 0000f000 00001000[0m
[0;32mI (113) boot:  2 factory          factory app      00 00 00010000 00100000[0m
[0;32mI (119) boot: End of partition table[0m
[0;32mI (123) esp_image: segment 0: paddr=00010020 vaddr=3f400020 size=0b158h ( 45400) map[0m
[0;32mI (146) esp_image: segment 1: paddr=0001b180 vaddr=3ffb0000 size=02430h (  9264) load[0m
[0;32mI (149) esp_image: segment 2: paddr=0001d5b8 vaddr=40080000 size=02a60h ( 10848) load[0m
[0;32mI (154) esp_image: segment 3: paddr=00020020 vaddr=400d0020 size=14ec4h ( 85700) map[0m
[0;32mI (186) esp_image: segment 4: paddr=00034eec vaddr=40082a60 size=0bacch ( 47820) load[0m
[0;32mI (205) esp_image: segment 5: paddr=000409c0 vaddr=50000000 size=00020h (    32) load[0m
[0;32mI (213) boot: Loaded app from partition at offset 0x10000[0m
[0;32mI (213) boot: Disabling RNG early entropy source...[0m
[0;32mI (223) cpu_start: Multicore app[0m
[0;32mI (232) cpu_start: GPIO 3 and 1 are used as console UART I/O pins[0m
[0;32mI (232) cpu_start: Pro cpu start user code[0m
[0;32mI (232) cpu_start: cpu freq: 160000000 Hz[0m
[0;32mI (234) app_init: Application information:[0m
[0;32mI (238) app_init: Project name:     smart_distance_warnig_system[0m
[0;32mI (243) app_init: App version:      e8f72b2[0m
[0;32mI (247) app_init: Compile time:     Mar  6 2026 18:34:42[0m
[0;32mI (252) app_init: ELF file SHA256:  853cb4896...[0m
[0;32mI (257) app_init: ESP-IDF:          HEAD-HASH-NOTFOUND[0m
[0;32mI (261) efuse_init: Min chip rev:     v0.0[0m
[0;32mI (265) efuse_init: Max chip rev:     v3.99 [0m
[0;32mI (269) efuse_init: Chip rev:         v3.1[0m
[0;32mI (273) heap_init: Initializing. RAM available for dynamic allocation:[0m
[0;32mI (280) heap_init: At 3FFAE6E0 len 00001920 (6 KiB): DRAM[0m
[0;32mI (284) heap_init: At 3FFB2D08 len 0002D2F8 (180 KiB): DRAM[0m
[0;32mI (290) heap_init: At 3FFE0440 len 00003AE0 (14 KiB): D/IRAM[0m
[0;32mI (295) heap_init: At 3FFE4350 len 0001BCB0 (111 KiB): D/IRAM[0m
[0;32mI (301) heap_init: At 4008E52C len 00011AD4 (70 KiB): IRAM[0m
[0;33mW (307) spi_flash: Detected boya flash chip but using generic driver. For optimal functionality, enable `SPI_FLASH_SUPPORT_BOYA_CHIP` in menuconfig[0m
[0;32mI (319) spi_flash: detected chip: generic[0m
[0;32mI (322) spi_flash: flash io: dio[0m
[0;33mW (325) spi_flash: Detected size(4096k) larger than the size in the binary image header(2048k). Using the size in the binary image header.[0m
[0;33mW (338) i2c: This driver is an old driver, please migrate your application code to adapt `driver/i2c_master.h`[0m
[0;32mI (348) main_task: Started on CPU0[0m
[0;32mI (358) main_task: Calling app_main()[0m
[0;32mI (358) main_task: Returned from app_main()[0m
ets Jul 29 2019 12:21:46

rst:0x7 (TG0WDT_SYS_RESET),boot:0x17 (SPI_FAST_FLASH_BOOT)
configsip: 0, SPIWP:0xee
clk_drv:0x00,q_drv:0x00,d_drv:0x00,cs0_drv:0x00,hd_drv:0x00,wp_drv:0x00
mode:DIO, clock div:2
load:0x3fff0030,len:6384
load:0x40078000,len:15916
load:0x40080400,len:3920
entry 0x40080644
[0;32mI (54) boot: ESP-IDF HEAD-HASH-NOTFOUND 2nd stage bootloader[0m
[0;32mI (54) boot: compile time Mar  6 2026 18:34:46[0m
[0;32mI (54) boot: Multicore bootloader[0m
[0;32mI (57) boot: chip revision: v3.1[0m
[0;32mI (60) boot.esp32: SPI Speed      : 40MHz[0m
[0;32mI (64) boot.esp32: SPI Mode       : DIO[0m
[0;32mI (67) boot.esp32: SPI Flash Size : 2MB[0m
[0;33mW (71) boot.esp32: PRO CPU has been reset by WDT[0m
[0;33mW (75) boot.esp32: WDT rst info: PRO CPU PC=0x40082a20[0m
[0;33mW (80) boot.esp32: WDT rst info: APP CPU PC=0x40084292 (waiti mode)[0m
[0;32mI (86) boot: Enabling RNG early entropy source...[0m
[0;32mI (91) boot: Partition Table:[0m
[0;32mI (93) boot: ## Label            Usage          Type ST Offset   Length[0m
[0;32mI (99) boot:  0 nvs              WiFi data        01 02 00009000 00006000[0m
[0;32mI (106) boot:  1 phy_init         RF data          01 01 0000f000 00001000[0m
[0;32mI (113) boot:  2 factory          factory app      00 00 00010000 00100000[0m
[0;32mI (119) boot: End of partition table[0m
[0;32mI (123) esp_image: segment 0: paddr=00010020 vaddr=3f400020 size=0b158h ( 45400) map[0m
[0;32mI (146) esp_image: segment 1: paddr=0001b180 vaddr=3ffb0000 size=02430h (  9264) load[0m
[0;32mI (149) esp_image: segment 2: paddr=0001d5b8 vaddr=40080000 size=02a60h ( 10848) load[0m
[0;32mI (154) esp_image: segment 3: paddr=00020020 vaddr=400d0020 size=14ec4h ( 85700) map[0m
[0;32mI (186) esp_image: segment 4: paddr=00034eec vaddr=40082a60 size=0bacch ( 47820) load[0m
[0;32mI (205) esp_image: segment 5: paddr=000409c0 vaddr=50000000 size=00020h (    32) load[0m
[0;32mI (213) boot: Loaded app from partition at offset 0x10000[0m
[0;32mI (213) boot: Disabling RNG early entropy source...[0m
[0;32mI (223) cpu_start: Multicore app[0m
[0;32mI (232) cpu_start: GPIO 3 and 1 are used as console UART I/O pins[0m
[0;32mI (232) cpu_start: Pro cpu start user code[0m
[0;32mI (232) cpu_start: cpu freq: 160000000 Hz[0m
[0;32mI (234) app_init: Application information:[0m
[0;32mI (238) app_init: Project name:     smart_distance_warnig_system[0m
[0;32mI (243) app_init: App version:      e8f72b2[0m
[0;32mI (247) app_init: Compile time:     Mar  6 2026 18:34:42[0m
[0;32mI (252) app_init: ELF file SHA256:  853cb4896...[0m
[0;32mI (257) app_init: ESP-IDF:          HEAD-HASH-NOTFOUND[0m
[0;32mI (261) efuse_init: Min chip rev:     v0.0[0m
[0;32mI (265) efuse_init: Max chip rev:     v3.99 [0m
[0;32mI (269) efuse_init: Chip rev:         v3.1[0m
[0;32mI (273) heap_init: Initializing. RAM available for dynamic allocation:[0m
[0;32mI (280) heap_init: At 3FFAE6E0 len 00001920 (6 KiB): DRAM[0m
[0;32mI (284) heap_init: At 3FFB2D08 len 0002D2F8 (180 KiB): DRAM[0m
[0;32mI (290) heap_init: At 3FFE0440 len 00003AE0 (14 KiB): D/IRAM[0m
[0;32mI (295) heap_init: At 3FFE4350 len 0001BCB0 (111 KiB): D/IRAM[0m
[0;32mI (301) heap_init: At 4008E52C len 00011AD4 (70 KiB): IRAM[0m
[0;33mW (307) spi_flash: Detected boya flash chip but using generic driver. For optimal functionality, enable `SPI_FLASH_SUPPORT_BOYA_CHIP` in menuconfig[0m
[0;32mI (319) spi_flash: detected chip: generic[0m
[0;32mI (322) spi_flash: flash io: dio[0m
[0;33mW (325) spi_flash: Detected size(4096k) larger than the size in the binary image header(2048k). Using the size in the binary image header.[0m
[0;33mW (338) i2c: This driver is an old driver, please migrate your application code to adapt `driver/i2c_master.h`[0m
[0;32mI (348) main_task: Started on CPU0[0m
[0;32mI (358) main_task: Calling app_main()[0m
[0;32mI (358) main_task: Returned from app_main()[0m
ets Jul 29 2019 12:21:46

rst:0x7 (TG0WDT_SYS_RESET),boot:0x17 (SPI_FAST_FLASH_BOOT)
configsip: 0, SPIWP:0xee
clk_drv:0x00,q_drv:0x00,d_drv:0x00,cs0_drv:0x00,hd_drv:0x00,wp_drv:0x00
mode:DIO, clock div:2
load:0x3fff0030,len:6384
load:0x40078000,len:15916
load:0x40080400,len:3920
entry 0x40080644
[0;32mI (54) boot: ESP-IDF HEAD-HASH-NOTFOUND 2nd stage bootloader[0m
[0;32mI (54) boot: compile time Mar  6 2026 18:34:46[0m
[0;32mI (54) boot: Multicore bootloader[0m
[0;32mI (57) boot: chip revision: v3.1[0m
[0;32mI (60) boot.esp32: SPI Speed      : 40MHz[0m
[0;32mI (64) boot.esp32: SPI Mode       : DIO[0m
[0;32mI (67) boot.esp32: SPI Flash Size : 2MB[0m
[0;33mW (71) boot.esp32: PRO CPU has been reset by WDT[0m
[0;33mW (75) boot.esp32: WDT rst info: PRO CPU PC=0x40082a10[0m
[0;33mW (80) boot.esp32: WDT rst info: APP CPU PC=0x40084292 (waiti mode)[0m
[0;32mI (86) boot: Enabling RNG early entropy source...[0m
[0;32mI (91) boot: Partition Table:[0m
[0;32mI (93) boot: ## Label            Usage          Type ST Offset   Length[0m
[0;32mI (99) boot:  0 nvs              WiFi data        01 02 00009000 00006000[0m
[0;32mI (106) boot:  1 phy_init         RF data          01 01 0000f000 00001000[0m
[0;32mI (113) boot:  2 factory          factory app      00 00 00010000 00100000[0m
[0;32mI (119) boot: End of partition table[0m
[0;32mI (123) esp_image: segment 0: paddr=00010020 vaddr=3f400020 size=0b158h ( 45400) map[0m
[0;32mI (146) esp_image: segment 1: paddr=0001b180 vaddr=3ffb0000 size=02430h (  9264) load[0m
[0;32mI (149) esp_image: segment 2: paddr=0001d5b8 vaddr=40080000 size=02a60h ( 10848) load[0m
[0;32mI (154) esp_image: segment 3: paddr=00020020 vaddr=400d0020 size=14ec4h ( 85700) map[0m
[0;32mI (186) esp_image: segment 4: paddr=00034eec vaddr=40082a60 size=0bacch ( 47820) load[0m
[0;32mI (205) esp_image: segment 5: paddr=000409c0 vaddr=50000000 size=00020h (    32) load[0m
[0;32mI (213) boot: Loaded app from partition at offset 0x10000[0m
[0;32mI (213) boot: Disabling RNG early entropy source...[0m
[0;32mI (223) cpu_start: Multicore app[0m
[0;32mI (232) cpu_start: GPIO 3 and 1 are used as console UART I/O pins[0m
[0;32mI (232) cpu_start: Pro cpu start user code[0m
[0;32mI (232) cpu_start: cpu freq: 160000000 Hz[0m
[0;32mI (234) app_init: Application information:[0m
[0;32mI (238) app_init: Project name:     smart_distance_warnig_system[0m
[0;32mI (243) app_init: App version:      e8f72b2[0m
[0;32mI (247) app_init: Compile time:     Mar  6 2026 18:34:42[0m
[0;32mI (252) app_init: ELF file SHA256:  853cb4896...[0m
[0;32mI (257) app_init: ESP-IDF:          HEAD-HASH-NOTFOUND[0m
[0;32mI (261) efuse_init: Min chip rev:     v0.0[0m
[0;32mI (265) efuse_init: Max chip rev:     v3.99 [0m
[0;32mI (269) efuse_init: Chip rev:         v3.1[0m
[0;32mI (273) heap_init: Initializing. RAM available for dynamic allocation:[0m
[0;32mI (280) heap_init: At 3FFAE6E0 len 00001920 (6 KiB): DRAM[0m
[0;32mI (284) heap_init: At 3FFB2D08 len 0002D2F8 (180 KiB): DRAM[0m
[0;32mI (290) heap_init: At 3FFE0440 len 00003AE0 (14 KiB): D/IRAM[0m
[0;32mI (295) heap_init: At 3FFE4350 len 0001BCB0 (111 KiB): D/IRAM[0m
[0;32mI (301) heap_init: At 4008E52C len 00011AD4 (70 KiB): IRAM[0m
[0;33mW (307) spi_flash: Detected boya flash chip but using generic driver. For optimal functionality, enable `SPI_FLASH_SUPPORT_BOYA_CHIP` in menuconfig[0m
[0;32mI (319) spi_flash: detected chip: generic[0m
[0;32mI (322) spi_flash: flash io: dio[0m
[0;33mW (325) spi_flash: Detected size(4096k) larger than the size in the binary image header(2048k). Using the size in the binary image header.[0m
[0;33mW (338) i2c: This driver is an old driver, please migrate your application code to adapt `driver/i2c_master.h`[0m
[0;32mI (348) main_task: Started on CPU0[0m
[0;32mI (358) main_task: Calling app_main()[0m
[0;32mI (358) main_task: Returned from app_main()[0m
ets Jul 29 2019 12:21:46

rst:0x7 (TG0WDT_SYS_RESET),boot:0x17 (SPI_FAST_FLASH_BOOT)
configsip: 0, SPIWP:0xee
clk_drv:0x00,q_drv:0x00,d_drv:0x00,cs0_drv:0x00,hd_drv:0x00,wp_drv:0x00
mode:DIO, clock div:2
load:0x3fff0030,len:6384
load:0x40078000,len:15916
load:0x40080400,len:3920
entry 0x40080644
[0;32mI (54) boot: ESP-IDF HEAD-HASH-NOTFOUND 2nd stage bootloader[0m
[0;32mI (54) boot: compile time Mar  6 2026 18:34:46[0m
[0;32mI (54) boot: Multicore bootloader[0m
[0;32mI (57) boot: chip revision: v3.1[0m
[0;32mI (60) boot.esp32: SPI Speed      : 40MHz[0m
[0;32mI (64) boot.esp32: SPI Mode       : DIO[0m
[0;32mI (67) boot.esp32: SPI Flash Size : 2MB[0m
[0;33mW (71) boot.esp32: PRO CPU has been reset by WDT[0m
[0;33mW (75) boot.esp32: WDT rst info: PRO CPU PC=0x40082a23[0m
[0;33mW (80) boot.esp32: WDT rst info: APP CPU PC=0x40084292 (waiti mode)[0m
[0;32mI (86) boot: Enabling RNG early entropy source...[0m
[0;32mI (91) boot: Partition Table:[0m
[0;32mI (93) boot: ## Label            Usage          Type ST Offset   Length[0m
[0;32mI (99) boot:  0 nvs              WiFi data        01 02 00009000 00006000[0m
[0;32mI (106) boot:  1 phy_init         RF data          01 01 0000f000 00001000[0m
[0;32mI (113) boot:  2 factory          factory app      00 00 00010000 00100000[0m
[0;32mI (119) boot: End of partition table[0m
[0;32mI (123) esp_image: segment 0: paddr=00010020 vaddr=3f400020 size=0b158h ( 45400) map[0m
[0;32mI (146) esp_image: segment 1: paddr=0001b180 vaddr=3ffb0000 size=02430h (  9264) load[0m
[0;32mI (149) esp_image: segment 2: paddr=0001d5b8 vaddr=40080000 size=02a60h ( 10848) load[0m
[0;32mI (154) esp_image: segment 3: paddr=00020020 vaddr=400d0020 size=14ec4h ( 85700) map[0m
[0;32mI (186) esp_image: segment 4: paddr=00034eec vaddr=40082a60 size=0bacch ( 47820) load[0m
[0;32mI (205) esp_image: segment 5: paddr=000409c0 vaddr=50000000 size=00020h (    32) load[0m
[0;32mI (213) boot: Loaded app from partition at offset 0x10000[0m
[0;32mI (213) boot: Disabling RNG early entropy source...[0m
[0;32mI (223) cpu_start: Multicore app[0m
[0;32mI (232) cpu_start: GPIO 3 and 1 are used as console UART I/O pins[0m
[0;32mI (232) cpu_start: Pro cpu start user code[0m
[0;32mI (232) cpu_start: cpu freq: 160000000 Hz[0m
[0;32mI (234) app_init: Application information:[0m
[0;32mI (238) app_init: Project name:     smart_distance_warnig_system[0m
[0;32mI (243) app_init: App version:      e8f72b2[0m
[0;32mI (247) app_init: Compile time:     Mar  6 2026 18:34:42[0m
[0;32mI (252) app_init: ELF file SHA256:  853cb4896...[0m
[0;32mI (257) app_init: ESP-IDF:          HEAD-HASH-NOTFOUND[0m
[0;32mI (261) efuse_init: Min chip rev:     v0.0[0m
[0;32mI (265) efuse_init: Max chip rev:     v3.99 [0m
[0;32mI (269) efuse_init: Chip rev:         v3.1[0m
[0;32mI (273) heap_init: Initializing. RAM available for dynamic allocation:[0m
[0;32mI (280) heap_init: At 3FFAE6E0 len 00001920 (6 KiB): DRAM[0m
[0;32mI (284) heap_init: At 3FFB2D08 len 0002D2F8 (180 KiB): DRAM[0m
[0;32mI (290) heap_init: At 3FFE0440 len 00003AE0 (14 KiB): D/IRAM[0m
[0;32mI (295) heap_init: At 3FFE4350 len 0001BCB0 (111 KiB): D/IRAM[0m
[0;32mI (301) heap_init: At 4008E52C len 00011AD4 (70 KiB): IRAM[0m
[0;33mW (307) spi_flash: Detected boya flash chip but using generic driver. For optimal functionality, enable `SPI_FLASH_SUPPORT_BOYA_CHIP` in menuconfig[0m
[0;32mI (319) spi_flash: detected chip: generic[0m
[0;32mI (322) spi_flash: flash io: dio[0m
[0;33mW (325) spi_flash: Detected size(4096k) larger than the size in the binary image header(2048k). Using the size in the binary image header.[0m
[0;33mW (338) i2c: This driver is an old driver, please migrate your application code to adapt `driver/i2c_master.h`[0m
[0;32mI (348) main_task: Started on CPU0[0m
[0;32mI (358) main_task: Calling app_main()[0m
[0;32mI (358) main_task: Returned from app_main()[0m
ets Jul 29 2019 12:21:46

rst:0x7 (TG0WDT_SYS_RESET),boot:0x17 (SPI_FAST_FLASH_BOOT)
configsip: 0, SPIWP:0xee
clk_drv:0x00,q_drv:0x00,d_drv:0x00,cs0_drv:0x00,hd_drv:0x00,wp_drv:0x00
mode:DIO, clock div:2
load:0x3fff0030,len:6384
load:0x40078000,len:15916
load:0x40080400,len:3920
entry 0x40080644
[0;32mI (54) boot: ESP-IDF HEAD-HASH-NOTFOUND 2nd stage bootloader[0m
[0;32mI (54) boot: compile time Mar  6 2026 18:34:46[0m
[0;32mI (54) boot: Multicore bootloader[0m
[0;32mI (57) boot: chip revision: v3.1[0m
[0;32mI (60) boot.esp32: SPI Speed      : 40MHz[0m
[0;32mI (64) boot.esp32: SPI Mode       : DIO[0m
[0;32mI (67) boot.esp32: SPI Flash Size : 2MB[0m
[0;33mW (71) boot.esp32: PRO CPU has been reset by WDT[0m
[0;33mW (75) boot.esp32: WDT rst info: PRO CPU PC=0x40083f46[0m
[0;33mW (80) boot.esp32: WDT rst info: APP CPU PC=0x40084292 (waiti mode)[0m
[0;32mI (86) boot: Enabling RNG early entropy source...[0m
[0;32mI (91) boot: Partition Table:[0m
[0;32mI (93) boot: ## Label            Usage          Type ST Offset   Length[0m
[0;32mI (99) boot:  0 nvs              WiFi data        01 02 00009000 00006000[0m
[0;32mI (106) boot:  1 phy_init         RF data          01 01 0000f000 00001000[0m
[0;32mI (113) boot:  2 factory          factory app      00 00 00010000 00100000[0m
[0;32mI (119) boot: End of partition table[0m
[0;32mI (123) esp_image: segment 0: paddr=00010020 vaddr=3f400020 size=0b158h ( 45400) map[0m
[0;32mI (146) esp_image: segment 1: paddr=0001b180 vaddr=3ffb0000 size=02430h (  9264) load[0m
[0;32mI (149) esp_image: segment 2: paddr=0001d5b8 vaddr=40080000 size=02a60h ( 10848) load[0m
[0;32mI (154) esp_image: segment 3: paddr=00020020 vaddr=400d0020 size=14ec4h ( 85700) map[0m
[0;32mI (186) esp_image: segment 4: paddr=00034eec vaddr=40082a60 size=0bacch ( 47820) load[0m
[0;32mI (205) esp_image: segment 5: paddr=000409c0 vaddr=50000000 size=00020h (    32) load[0m
[0;32mI (213) boot: Loaded app from partition at offset 0x10000[0m
[0;32mI (213) boot: Disabling RNG early entropy source...[0m
[0;32mI (223) cpu_start: Multicore app[0m
[0;32mI (232) cpu_start: GPIO 3 and 1 are used as console UART I/O pins[0m
[0;32mI (232) cpu_start: Pro cpu start user code[0m
[0;32mI (232) cpu_start: cpu freq: 160000000 Hz[0m
[0;32mI (234) app_init: Application information:[0m
[0;32mI (238) app_init: Project name:     smart_distance_warnig_system[0m
[0;32mI (243) app_init: App version:      e8f72b2[0m
[0;32mI (247) app_init: Compile time:     Mar  6 2026 18:34:42[0m
[0;32mI (252) app_init: ELF file SHA256:  853cb4896...[0m
[0;32mI (257) app_init: ESP-IDF:          HEAD-HASH-NOTFOUND[0m
[0;32mI (261) efuse_init: Min chip rev:     v0.0[0m
[0;32mI (265) efuse_init: Max chip rev:     v3.99 [0m
[0;32mI (269) efuse_init: Chip rev:         v3.1[0m
[0;32mI (273) heap_init: Initializing. RAM available for dynamic allocation:[0m
[0;32mI (280) heap_init: At 3FFAE6E0 len 00001920 (6 KiB): DRAM[0m
[0;32mI (284) heap_init: At 3FFB2D08 len 0002D2F8 (180 KiB): DRAM[0m
[0;32mI (290) heap_init: At 3FFE0440 len 00003AE0 (14 KiB): D/IRAM[0m
[0;32mI (295) heap_init: At 3FFE4350 len 0001BCB0 (111 KiB): D/IRAM[0m
[0;32mI (301) heap_init: At 4008E52C len 00011AD4 (70 KiB): IRAM[0m
[0;33mW (307) spi_flash: Detected boya flash chip but using generic driver. For optimal functionality, enable `SPI_FLASH_SUPPORT_BOYA_CHIP` in menuconfig[0m
[0;32mI (319) spi_flash: detected chip: generic[0m
[0;32mI (322) spi_flash: flash io: dio[0m
[0;33mW (325) spi_flash: Detected size(4096k) larger than the size in the binary image header(2048k). Using the size in the binary image header.[0m
[0;33mW (338) i2c: This driver is an old driver, please migrate your application code to adapt `driver/i2c_master.h`[0m
[0;32mI (348) main_task: Started on CPU0[0m
[0;32mI (358) main_task: Calling app_main()[0m
[0;32mI (358) main_task: Returned from app_main()[0m
ets Jul 29 2019 12:21:46

rst:0x7 (TG0WDT_SYS_RESET),boot:0x17 (SPI_FAST_FLASH_BOOT)
configsip: 0, SPIWP:0xee
clk_drv:0x00,q_drv:0x00,d_drv:0x00,cs0_drv:0x00,hd_drv:0x00,wp_drv:0x00
mode:DIO, clock div:2
load:0x3fff0030,len:6384
load:0x40078000,len:15916
load:0x40080400,len:3920
entry 0x40080644
[0;32mI (54) boot: ESP-IDF HEAD-HASH-NOTFOUND 2nd stage bootloader[0m
[0;32mI (54) boot: compile time Mar  6 2026 18:34:46[0m
[0;32mI (54) boot: Multicore bootloader[0m
[0;32mI (57) boot: chip revision: v3.1[0m
[0;32mI (60) boot.esp32: SPI Speed      : 40MHz[0m
[0;32mI (64) boot.esp32: SPI Mode       : DIO[0m
[0;32mI (67) boot.esp32: SPI Flash Size : 2MB[0m
[0;33mW (71) boot.esp32: PRO CPU has been reset by WDT[0m
[0;33mW (75) boot.esp32: WDT rst info: PRO CPU PC=0x40082a33[0m
[0;33mW (80) boot.esp32: WDT rst info: APP CPU PC=0x40084292 (waiti mode)[0m
[0;32mI (86) boot: Enabling RNG early entropy source...[0m
[0;32mI (91) boot: Partition Table:[0m
[0;32mI (93) boot: ## Label            Usage          Type ST Offset   Length[0m
[0;32mI (99) boot:  0 nvs              WiFi data        01 02 00009000 00006000[0m
[0;32mI (106) boot:  1 phy_init         RF data          01 01 0000f000 00001000[0m
[0;32mI (113) boot:  2 factory          factory app      00 00 00010000 00100000[0m
[0;32mI (119) boot: End of partition table[0m
[0;32mI (123) esp_image: segment 0: paddr=00010020 vaddr=3f400020 size=0b158h ( 45400) map[0m
[0;32mI (146) esp_image: segment 1: paddr=0001b180 vaddr=3ffb0000 size=02430h (  9264) load[0m
[0;32mI (149) esp_image: segment 2: paddr=0001d5b8 vaddr=40080000 size=02a60h ( 10848) load[0m
[0;32mI (154) esp_image: segment 3: paddr=00020020 vaddr=400d0020 size=14ec4h ( 85700) map[0m
[0;32mI (186) esp_image: segment 4: paddr=00034eec vaddr=40082a60 size=0bacch ( 47820) load[0m
[0;32mI (205) esp_image: segment 5: paddr=000409c0 vaddr=50000000 size=00020h (    32) load[0m
[0;32mI (213) boot: Loaded app from partition at offset 0x10000[0m
[0;32mI (213) boot: Disabling RNG early entropy source...[0m
[0;32mI (223) cpu_start: Multicore app[0m
[0;32mI (232) cpu_start: GPIO 3 and 1 are used as console UART I/O pins[0m
[0;32mI (232) cpu_start: Pro cpu start user code[0m
[0;32mI (232) cpu_start: cpu freq: 160000000 Hz[0m
[0;32mI (234) app_init: Application information:[0m
[0;32mI (238) app_init: Project name:     smart_distance_warnig_system[0m
[0;32mI (243) app_init: App version:      e8f72b2[0m
[0;32mI (247) app_init: Compile time:     Mar  6 2026 18:34:42[0m
[0;32mI (252) app_init: ELF file SHA256:  853cb4896...[0m
[0;32mI (257) app_init: ESP-IDF:          HEAD-HASH-NOTFOUND[0m
[0;32mI (261) efuse_init: Min chip rev:     v0.0[0m
[0;32mI (265) efuse_init: Max chip rev:     v3.99 [0m
[0;32mI (269) efuse_init: Chip rev:         v3.1[0m
[0;32mI (273) heap_init: Initializing. RAM available for dynamic allocation:[0m
[0;32mI (280) heap_init: At 3FFAE6E0 len 00001920 (6 KiB): DRAM[0m
[0;32mI (284) heap_init: At 3FFB2D08 len 0002D2F8 (180 KiB): DRAM[0m
[0;32mI (290) heap_init: At 3FFE0440 len 00003AE0 (14 KiB): D/IRAM[0m
[0;32mI (295) heap_init: At 3FFE4350 len 0001BCB0 (111 KiB): D/IRAM[0m
[0;32mI (301) heap_init: At 4008E52C len 00011AD4 (70 KiB): IRAM[0m
[0;33mW (307) spi_flash: Detected boya flash chip but using generic driver. For optimal functionality, enable `SPI_FLASH_SUPPORT_BOYA_CHIP` in menuconfig[0m
[0;32mI (319) spi_flash: detected chip: generic[0m
[0;32mI (322) spi_flash: flash io: dio[0m
[0;33mW (325) spi_flash: Detected size(4096k) larger than the size in the binary image header(2048k). Using the size in the binary image header.[0m
[0;33mW (338) i2c: This driver is an old driver, please migrate your application code to adapt `driver/i2c_master.h`[0m
[0;32mI (348) main_task: Started on CPU0[0m
[0;32mI (358) main_task: Calling app_main()[0m
[0;32mI (358) main_task: Returned from app_main()[0m
����������������������������������������������������������������s Jul 29 2019 12:21:46

rst:0x7 (TG0WDT_SYS_RESET),boot:0x17 (SPI_FAST_FLASH_BOOT)
configsip: 0, SPIWP:0xee
clk_drv:0x00,q_drv:0x00,d_drv:0x00,cs0_drv:0x00,hd_drv:0x00,wp_drv:0x00
mode:DIO, clock div:2
load:0x3fff0030,len:6384
load:0x40078000,len:15916
load:0x40080400,len:3920
entry 0x40080644
[0;32mI (54) boot: ESP-IDF HEAD-HASH-NOTFOUND 2nd stage bootloader[0m
[0;32mI (54) boot: compile time Mar  6 2026 18:34:46[0m
[0;32mI (54) boot: Multicore bootloader[0m
[0;32mI (57) boot: chip revision: v3.1[0m
[0;32mI (60) boot.esp32: SPI Speed      : 40MHz[0m
[0;32mI (64) boot.esp32: SPI Mode       : DIO[0m
[0;32mI (67) boot.esp32: SPI Flash Size : 2MB[0m
[0;33mW (71) boot.esp32: PRO CPU has been reset by WDT[0m
[0;33mW (75) boot.esp32: WDT rst info: PRO CPU PC=0x40082a2c[0m
[0;33mW (80) boot.esp32: WDT rst info: APP CPU PC=0x40084292 (waiti mode)[0m
[0;32mI (86) boot: Enabling RNG early entropy source...[0m
[0;32mI (91) boot: Partition Table:[0m
[0;32mI (93) boot: ## Label            Usage          Type ST Offset   Length[0m
[0;32mI (99) boot:  0 nvs              WiFi data        01 02 00009000 00006000[0m
[0;32mI (106) boot:  1 phy_init         RF data          01 01 0000f000 00001000[0m
[0;32mI (113) boot:  2 factory          factory app      00 00 00010000 00100000[0m
[0;32mI (119) boot: End of partition table[0m
[0;32mI (123) esp_image: segment 0: paddr=00010020 vaddr=3f400020 size=0b158h ( 45400) map[0m
[0;32mI (146) esp_image: segment 1: paddr=0001b180 vaddr=3ffb0000 size=02430h (  9264) load[0m
[0;32mI (149) esp_image: segment 2: paddr=0001d5b8 vaddr=40080000 size=02a60h ( 10848) load[0m
[0;32mI (154) esp_image: segment 3: paddr=00020020 vaddr=400d0020 size=14ec4h ( 85700) map[0m
[0;32mI (186) esp_image: segment 4: paddr=00034eec vaddr=40082a60 size=0bacch ( 47820) load[0m
[0;32mI (205) esp_image: segment 5: paddr=000409c0 vaddr=50000000 size=00020h (    32) load[0m
[0;32mI (213) boot: Loaded app from partition at offset 0x10000[0m
[0;32mI (213) boot: Disabling RNG early entropy source...[0m
[0;32mI (223) cpu_start: Multicore app[0m
[0;32mI (232) cpu_start: GPIO 3 and 1 are used as console UART I/O pins[0m
[0;32mI (232) cpu_start: Pro cpu start user code[0m
[0;32mI (232) cpu_start: cpu freq: 160000000 Hz[0m
[0;32mI (234) app_init: Application information:[0m
[0;32mI (238) app_init: Project name:     smart_distance_warnig_system[0m
[0;32mI (243) app_init: App version:      e8f72b2[0m
[0;32mI (247) app_init: Compile time:     Mar  6 2026 18:34:42[0m
[0;32mI (252) app_init: ELF file SHA256:  853cb4896...[0m
[0;32mI (257) app_init: ESP-IDF:          HEAD-HASH-NOTFOUND[0m
[0;32mI (261) efuse_init: Min chip rev:     v0.0[0m
[0;32mI (265) efuse_init: Max chip rev:     v3.99 [0m
[0;32mI (269) efuse_init: Chip rev:         v3.1[0m
[0;32mI (273) heap_init: Initializing. RAM available for dynamic allocation:[0m
[0;32mI (280) heap_init: At 3FFAE6E0 len 00001920 (6 KiB): DRAM[0m
[0;32mI (284) heap_init: At 3FFB2D08 len 0002D2F8 (180 KiB): DRAM[0m
[0;32mI (290) heap_init: At 3FFE0440 len 00003AE0 (14 KiB): D/IRAM[0m
[0;32mI (295) heap_init: At 3FFE4350 len 0001BCB0 (111 KiB): D/IRAM[0m
[0;32mI (301) heap_init: At 4008E52C len 00011AD4 (70 KiB): IRAM[0m
[0;33mW (307) spi_flash: Detected boya flash chip but using generic driver. For optimal functionality, enable `SPI_FLASH_SUPPORT_BOYA_CHIP` in menuconfig[0m
[0;32mI (319) spi_flash: detected chip: generic[0m
[0;32mI (322) spi_flash: flash io: dio[0m
[0;33mW (325) spi_flash: Detected size(4096k) larger than the size in the binary image header(2048k). Using the size in the binary image header.[0m
[0;33mW (338) i2c: This driver is an old driver, please migrate your application code to adapt `driver/i2c_master.h`[0m
[0;32mI (348) main_task: Started on CPU0[0m
[0;32mI (358) main_task: Calling app_main()[0m
[0;32mI (358) main_task: Returned from app_main()[0m
ets Jul 29 2019 12:21:46

rst:0x7 (TG0WDT_SYS_RESET),boot:0x17 (SPI_FAST_FLASH_BOOT)
configsip: 0, SPIWP:0xee
clk_drv:0x00,q_drv:0x00,d_drv:0x00,cs0_drv:0x00,hd_drv:0x00,wp_drv:0x00
mode:DIO, clock div:2
load:0x3fff0030,len:6384
load:0x40078000,len:15916
load:0x40080400,len:3920
entry 0x40080644
[0;32mI (54) boot: ESP-IDF HEAD-HASH-NOTFOUND 2nd stage bootloader[0m
[0;32mI (54) boot: compile time Mar  6 2026 18:34:46[0m
[0;32mI (54) boot: Multicore bootloader[0m
[0;32mI (57) boot: chip revision: v3.1[0m
[0;32mI (60) boot.esp32: SPI Speed      : 40MHz[0m
[0;32mI (64) boot.esp32: SPI Mode       : DIO[0m
[0;32mI (67) boot.esp32: SPI Flash Size : 2MB[0m
[0;33mW (71) boot.esp32: PRO CPU has been reset by WDT[0m
[0;33mW (75) boot.esp32: WDT rst info: PRO CPU PC=0x40083f4c[0m
[0;33mW (80) boot.esp32: WDT rst info: APP CPU PC=0x40084292 (waiti mode)[0m
[0;32mI (86) boot: Enabling RNG early entropy source...[0m
[0;32mI (91) boot: Partition Table:[0m
[0;32mI (93) boot: ## Label            Usage          Type ST Offset   Length[0m
[0;32mI (99) boot:  0 nvs              WiFi data        01 02 00009000 00006000[0m
[0;32mI (106) boot:  1 phy_init         RF data          01 01 0000f000 00001000[0m
[0;32mI (113) boot:  2 factory          factory app      00 00 00010000 00100000[0m
[0;32mI (119) boot: End of partition table[0m
[0;32mI (123) esp_image: segment 0: paddr=00010020 vaddr=3f400020 size=0b158h ( 45400) map[0m
[0;32mI (146) esp_image: segment 1: paddr=0001b180 vaddr=3ffb0000 size=02430h (  9264) load[0m
[0;32mI (149) esp_image: segment 2: paddr=0001d5b8 vaddr=40080000 size=02a60h ( 10848) load[0m
[0;32mI (154) esp_image: segment 3: paddr=00020020 vaddr=400d0020 size=14ec4h ( 85700) map[0m
[0;32mI (186) esp_image: segment 4: paddr=00034eec vaddr=40082a60 size=0bacch ( 47820) load[0m
[0;32mI (205) esp_image: segment 5: paddr=000409c0 vaddr=50000000 size=00020h (    32) load[0m
[0;32mI (213) boot: Loaded app from partition at offset 0x10000[0m
[0;32mI (213) boot: Disabling RNG early entropy source...[0m
[0;32mI (223) cpu_start: Multicore app[0m
[0;32mI (232) cpu_start: GPIO 3 and 1 are used as console UART I/O pins[0m
[0;32mI (232) cpu_start: Pro cpu start user code[0m
[0;32mI (232) cpu_start: cpu freq: 160000000 Hz[0m
[0;32mI (234) app_init: Application information:[0m
[0;32mI (238) app_init: Project name:     smart_distance_warnig_system[0m
[0;32mI (243) app_init: App version:      e8f72b2[0m
[0;32mI (247) app_init: Compile time:     Mar  6 2026 18:34:42[0m
[0;32mI (252) app_init: ELF file SHA256:  853cb4896...[0m
[0;32mI (257) app_init: ESP-IDF:          HEAD-HASH-NOTFOUND[0m
[0;32mI (261) efuse_init: Min chip rev:     v0.0[0m
[0;32mI (265) efuse_init: Max chip rev:     v3.99 [0m
[0;32mI (269) efuse_init: Chip rev:         v3.1[0m
[0;32mI (273) heap_init: Initializing. RAM available for dynamic allocation:[0m
[0;32mI (280) heap_init: At 3FFAE6E0 len 00001920 (6 KiB): DRAM[0m
[0;32mI (284) heap_init: At 3FFB2D08 len 0002D2F8 (180 KiB): DRAM[0m
[0;32mI (290) heap_init: At 3FFE0440 len 00003AE0 (14 KiB): D/IRAM[0m
[0;32mI (295) heap_init: At 3FFE4350 len 0001BCB0 (111 KiB): D/IRAM[0m
[0;32mI (301) heap_init: At 4008E52C len 00011AD4 (70 KiB): IRAM[0m
[0;33mW (307) spi_flash: Detected boya flash chip but using generic driver. For optimal functionality, enable `SPI_FLASH_SUPPORT_BOYA_CHIP` in menuconfig[0m
[0;32mI (319) spi_flash: detected chip: generic[0m
[0;32mI (322) spi_flash: flash io: dio[0m
[0;33mW (325) spi_flash: Detected size(4096k) larger than the size in the binary image header(2048k). Using the size in the binary image header.[0m
[0;33mW (338) i2c: This driver is an old driver, please migrate your application code to adapt `driver/i2c_master.h`[0m
[0;32mI (348) main_task: Started on CPU0[0m
[0;32mI (358) main_task: Calling app_main()[0m
[0;32mI (358) main_task: Returned from app_main()[0m
ets Jul 29 2019 12:21:46

rst:0x7 (TG0WDT_SYS_RESET),boot:0x17 (SPI_FAST_FLASH_BOOT)
configsip: 0, SPIWP:0xee
clk_drv:0x00,q_drv:0x00,d_drv:0x00,cs0_drv:0x00,hd_drv:0x00,wp_drv:0x00
mode:DIO, clock div:2
load:0x3fff0030,len:6384
load:0x40078000,len:15916
load:0x40080400,len:3920
entry 0x40080644
[0;32mI (54) boot: ESP-IDF HEAD-HASH-NOTFOUND 2nd stage bootloader[0m
[0;32mI (54) boot: compile time Mar  6 2026 18:34:46[0m
[0;32mI (54) boot: Multicore bootloader[0m
[0;32mI (57) boot: chip revision: v3.1[0m
[0;32mI (60) boot.esp32: SPI Speed      : 40MHz[0m
[0;32mI (64) boot.esp32: SPI Mode       : DIO[0m
[0;32mI (67) boot.esp32: SPI Flash Size : 2MB[0m
[0;33mW (71) boot.esp32: PRO CPU has been reset by WDT[0m
[0;33mW (75) boot.esp32: WDT rst info: PRO CPU PC=0x40083f90[0m
[0;33mW (80) boot.esp32: WDT rst info: APP CPU PC=0x40084292 (waiti mode)[0m
[0;32mI (86) boot: Enabling RNG early entropy source...[0m
[0;32mI (91) boot: Partition Table:[0m
[0;32mI (93) boot: ## Label            Usage          Type ST Offset   Length[0m
[0;32mI (99) boot:  0 nvs              WiFi data        01 02 00009000 00006000[0m
[0;32mI (106) boot:  1 phy_init         RF data          01 01 0000f000 00001000[0m
[0;32mI (113) boot:  2 factory          factory app      00 00 00010000 00100000[0m
[0;32mI (119) boot: End of partition table[0m
[0;32mI (123) esp_image: segment 0: paddr=00010020 vaddr=3f400020 size=0b158h ( 45400) map[0m
[0;32mI (146) esp_image: segment 1: paddr=0001b180 vaddr=3ffb0000 size=02430h (  9264) load[0m
[0;32mI (149) esp_image: segment 2: paddr=0001d5b8 vaddr=40080000 size=02a60h ( 10848) load[0m
[0;32mI (154) esp_image: segment 3: paddr=00020020 vaddr=400d0020 size=14ec4h ( 85700) map[0m
[0;32mI (186) esp_image: segment 4: paddr=00034eec vaddr=40082a60 size=0bacch ( 47820) load[0m
[0;32mI (205) esp_image: segment 5: paddr=000409c0 vaddr=50000000 size=00020h (    32) load[0m
[0;32mI (213) boot: Loaded app from partition at offset 0x10000[0m
[0;32mI (213) boot: Disabling RNG early entropy source...[0m
[0;32mI (223) cpu_start: Multicore app[0m
[0;32mI (232) cpu_start: GPIO 3 and 1 are used as console UART I/O pins[0m
[0;32mI (232) cpu_start: Pro cpu start user code[0m
[0;32mI (232) cpu_start: cpu freq: 160000000 Hz[0m
[0;32mI (234) app_init: Application information:[0m
[0;32mI (238) app_init: Project name:     smart_distance_warnig_system[0m
[0;32mI (243) app_init: App version:      e8f72b2[0m
[0;32mI (247) app_init: Compile time:     Mar  6 2026 18:34:42[0m
[0;32mI (252) app_init: ELF file SHA256:  853cb4896...[0m
[0;32mI (257) app_init: ESP-IDF:          HEAD-HASH-NOTFOUND[0m
[0;32mI (261) efuse_init: Min chip rev:     v0.0[0m
[0;32mI (265) efuse_init: Max chip rev:     v3.99 [0m
[0;32mI (269) efuse_init: Chip rev:         v3.1[0m
[0;32mI (273) heap_init: Initializing. RAM available for dynamic allocation:[0m
[0;32mI (280) heap_init: At 3FFAE6E0 len 00001920 (6 KiB): DRAM[0m
[0;32mI (284) heap_init: At 3FFB2D08 len 0002D2F8 (180 KiB): DRAM[0m
[0;32mI (290) heap_init: At 3FFE0440 len 00003AE0 (14 KiB): D/IRAM[0m
[0;32mI (295) heap_init: At 3FFE4350 len 0001BCB0 (111 KiB): D/IRAM[0m
[0;32mI (301) heap_init: At 4008E52C len 00011AD4 (70 KiB): IRAM[0m
[0;33mW (307) spi_flash: Detected boya flash chip but using generic driver. For optimal functionality, enable `SPI_FLASH_SUPPORT_BOYA_CHIP` in menuconfig[0m
[0;32mI (319) spi_flash: detected chip: generic[0m
[0;32mI (322) spi_flash: flash io: dio[0m
[0;33mW (325) spi_flash: Detected size(4096k) larger than the size in the binary image header(2048k). Using the size in the binary image header.[0m
[0;33mW (338) i2c: This driver is an old driver, please migrate your application code to adapt `driver/i2c_master.h`[0m
[0;32mI (348) main_task: Started on CPU0[0m
[0;32mI (358) main_task: Calling app_main()[0m
[0;32mI (358) main_task: Returned from app_main()[0m
