Command: D:\ESP-IDF\Espressif\python_env\idf5.5_py3.11_env\Scripts\python.exe D:\ESP-IDF\Espressif\frameworks\esp-idf-v5.5.2\tools/idf_monitor.py -p COM5 -b 115200 --toolchain-prefix xtensa-esp32-elf- --target esp32 --revision 0 D:\ESP_IDF_PROJECT\09-smart_distance_warnig_system\build\smart_distance_warnig_system.elf D:\ESP_IDF_PROJECT\09-smart_distance_warnig_system\build\bootloader\bootloader.elf --force-color -m 'D:\ESP-IDF\Espressif\python_env\idf5.5_py3.11_env\Scripts\python.exe' 'D:\ESP-IDF\Espressif\frameworks\esp-idf-v5.5.2\tools\idf.py' '-p' 'COM5'
x�x��x���ets Jul 29 2019 12:21:46

rst:0x1 (POWERON_RESET),boot:0x13 (SPI_FAST_FLASH_BOOT)
configsip: 0, SPIWP:0xee
clk_drv:0x00,q_drv:0x00,d_drv:0x00,cs0_drv:0x00,hd_drv:0x00,wp_drv:0x00
mode:DIO, clock div:2
load:0x3fff0030,len:6384
load:0x40078000,len:15916
load:0x40080400,len:3920
entry 0x40080644
[0;32mI (27) boot: ESP-IDF HEAD-HASH-NOTFOUND 2nd stage bootloader[0m
[0;32mI (27) boot: compile time Mar  9 2026 16:51:58[0m
[0;32mI (28) boot: Multicore bootloader[0m
[0;32mI (30) boot: chip revision: v3.1[0m
[0;32mI (33) boot.esp32: SPI Speed      : 40MHz[0m
[0;32mI (36) boot.esp32: SPI Mode       : DIO[0m
[0;32mI (40) boot.esp32: SPI Flash Size : 2MB[0m
[0;32mI (43) boot: Enabling RNG early entropy source...[0m
[0;32mI (48) boot: Partition Table:[0m
[0;32mI (51) boot: ## Label            Usage          Type ST Offset   Length[0m
[0;32mI (57) boot:  0 nvs              WiFi data        01 02 00009000 00006000[0m
[0;32mI (63) boot:  1 phy_init         RF data          01 01 0000f000 00001000[0m
[0;32mI (70) boot:  2 factory          factory app      00 00 00010000 00100000[0m
[0;32mI (76) boot: End of partition table[0m
[0;32mI (80) esp_image: segment 0: paddr=00010020 vaddr=3f400020 size=0b270h ( 45680) map[0m
[0;32mI (103) esp_image: segment 1: paddr=0001b298 vaddr=3ffb0000 size=02430h (  9264) load[0m
[0;32mI (107) esp_image: segment 2: paddr=0001d6d0 vaddr=40080000 size=02948h ( 10568) load[0m
[0;32mI (111) esp_image: segment 3: paddr=00020020 vaddr=400d0020 size=15368h ( 86888) map[0m
[0;32mI (144) esp_image: segment 4: paddr=00035390 vaddr=40082948 size=0bc04h ( 48132) load[0m
[0;32mI (163) esp_image: segment 5: paddr=00040f9c vaddr=50000000 size=00020h (    32) load[0m
[0;32mI (170) boot: Loaded app from partition at offset 0x10000[0m
[0;32mI (170) boot: Disabling RNG early entropy source...[0m
[0;32mI (181) cpu_start: Multicore app[0m
[0;32mI (189) cpu_start: GPIO 3 and 1 are used as console UART I/O pins[0m
[0;32mI (189) cpu_start: Pro cpu start user code[0m
[0;32mI (190) cpu_start: cpu freq: 160000000 Hz[0m
[0;32mI (191) app_init: Application information:[0m
[0;32mI (195) app_init: Project name:     smart_distance_warnig_system[0m
[0;32mI (201) app_init: App version:      eead469-dirty[0m
[0;32mI (205) app_init: Compile time:     Mar  9 2026 16:51:42[0m
[0;32mI (210) app_init: ELF file SHA256:  22615c35e...[0m
[0;32mI (215) app_init: ESP-IDF:          HEAD-HASH-NOTFOUND[0m
[0;32mI (220) efuse_init: Min chip rev:     v0.0[0m
[0;32mI (223) efuse_init: Max chip rev:     v3.99 [0m
[0;32mI (227) efuse_init: Chip rev:         v3.1[0m
[0;32mI (231) heap_init: Initializing. RAM available for dynamic allocation:[0m
[0;32mI (238) heap_init: At 3FFAE6E0 len 00001920 (6 KiB): DRAM[0m
[0;32mI (243) heap_init: At 3FFB2D08 len 0002D2F8 (180 KiB): DRAM[0m
[0;32mI (248) heap_init: At 3FFE0440 len 00003AE0 (14 KiB): D/IRAM[0m
[0;32mI (253) heap_init: At 3FFE4350 len 0001BCB0 (111 KiB): D/IRAM[0m
[0;32mI (259) heap_init: At 4008E54C len 00011AB4 (70 KiB): IRAM[0m
[0;33mW (265) spi_flash: Detected boya flash chip but using generic driver. For optimal functionality, enable `SPI_FLASH_SUPPORT_BOYA_CHIP` in menuconfig[0m
[0;32mI (277) spi_flash: detected chip: generic[0m
[0;32mI (281) spi_flash: flash io: dio[0m
[0;33mW (284) spi_flash: Detected size(4096k) larger than the size in the binary image header(2048k). Using the size in the binary image header.[0m
[0;33mW (296) i2c: This driver is an old driver, please migrate your application code to adapt `driver/i2c_master.h`[0m
[0;32mI (306) main_task: Started on CPU0[0m
[0;32mI (316) main_task: Calling app_main()[0m
Dang kiem tra LCD...
[1;31mE (316) i2c: i2c_driver_delete(484): i2c driver install error[0m
[0;32mI (2386) main_task: Returned from app_main()[0m
Distance: 58.40 cm -> SAFE
Distance: 55.88 cm -> SAFE
Distance: 54.59 cm -> SAFE
Distance: 87.75 cm -> SAFE
Distance: 51.88 cm -> SAFE
Distance: 53.19 cm -> SAFE
Distance: 50.40 cm -> SAFE
Distance: 51.24 cm -> SAFE
Distance: 50.44 cm -> SAFE
Distance: 54.60 cm -> SAFE
Distance: 50.03 cm -> SAFE
Distance: 51.24 cm -> SAFE
Distance: 50.03 cm -> SAFE
Distance: 50.88 cm -> SAFE
Distance: 51.71 cm -> SAFE
Distance: 70.28 cm -> SAFE
Distance: 96.58 cm -> SAFE
Distance: 69.00 cm -> SAFE
Distance: 51.34 cm -> SAFE
Distance: 52.17 cm -> SAFE
Distance: 65.18 cm -> SAFE
Distance: 53.86 cm -> SAFE
Distance: 51.32 cm -> SAFE
Distance: 53.86 cm -> SAFE
Distance: 51.71 cm -> SAFE
Distance: 52.53 cm -> SAFE
Distance: 53.38 cm -> SAFE
Distance: 51.71 cm -> SAFE
Distance: 50.88 cm -> SAFE
Distance: 52.17 cm -> SAFE
Distance: 53.01 cm -> SAFE
Distance: 50.86 cm -> SAFE
Distance: 61.73 cm -> SAFE
Distance: 51.71 cm -> SAFE
Distance: 51.70 cm -> SAFE
Distance: 54.69 cm -> SAFE
Distance: 52.16 cm -> SAFE
Distance: 51.71 cm -> SAFE
Distance: 51.71 cm -> SAFE
Distance: 53.82 cm -> SAFE
Distance: 51.32 cm -> SAFE
Distance: 52.17 cm -> SAFE
Distance: 50.88 cm -> SAFE
Distance: 50.88 cm -> SAFE
Distance: 50.49 cm -> SAFE
Distance: 55.54 cm -> SAFE
Distance: 51.34 cm -> SAFE
Distance: 51.34 cm -> SAFE
Distance: 53.82 cm -> SAFE
Distance: 53.86 cm -> SAFE
Distance: 51.32 cm -> SAFE
Distance: 54.67 cm -> SAFE
Distance: 51.32 cm -> SAFE
Distance: 51.34 cm -> SAFE
Distance: 50.51 cm -> SAFE
Distance: 50.51 cm -> SAFE
Distance: 50.51 cm -> SAFE
Distance: 51.34 cm -> SAFE
Distance: 52.17 cm -> SAFE
Distance: 53.47 cm -> SAFE
Distance: 52.17 cm -> SAFE
Distance: 50.51 cm -> SAFE
Distance: 50.51 cm -> SAFE
Distance: 53.48 cm -> SAFE
Distance: 53.01 cm -> SAFE
Distance: 54.31 cm -> SAFE
Distance: 53.11 cm -> SAFE
Distance: 6.92 cm -> DANGER
Distance: 56.07 cm -> SAFE
Distance: 88.30 cm -> SAFE
Distance: 282.93 cm -> SAFE
Distance: 786.90 cm -> SAFE
Distance: 282.47 cm -> SAFE
Distance: 789.40 cm -> SAFE
Distance: 3.76 cm -> DANGER
