Command: D:\ESP-IDF\Espressif\python_env\idf5.5_py3.11_env\Scripts\python.exe D:\ESP-IDF\Espressif\frameworks\esp-idf-v5.5.2\tools/idf_monitor.py -p COM5 -b 115200 --toolchain-prefix xtensa-esp32-elf- --target esp32 --revision 0 D:\ESP_IDF_PROJECT\test\build\test.elf D:\ESP_IDF_PROJECT\test\build\bootloader\bootloader.elf --force-color -m 'D:\ESP-IDF\Espressif\python_env\idf5.5_py3.11_env\Scripts\python.exe' 'D:\ESP-IDF\Espressif\frameworks\esp-idf-v5.5.2\tools\idf.py'
ets Jul 29 2019 12:21:46

rst:0x1 (POWERON_RESET),boot:0x13 (SPI_FAST_FLASH_BOOT)
configsip: 0, SPIWP:0xee
clk_drv:0x00,q_drv:0x00,d_drv:0x00,cs0_drv:0x00,hd_drv:0x00,wp_drv:0x00
mode:DIO, clock div:2
load:0x3fff0030,len:6384
load:0x40078000,len:15916
load:0x40080400,len:3920
entry 0x40080644
[0;32mI (27) boot: ESP-IDF HEAD-HASH-NOTFOUND 2nd stage bootloader[0m
[0;32mI (27) boot: compile time Feb 13 2026 23:33:06[0m
[0;32mI (28) boot: Multicore bootloader[0m
[0;32mI (30) boot: chip revision: v3.1[0m
[0;32mI (33) boot.esp32: SPI Speed      : 40MHz[0m
[0;32mI (36) boot.esp32: SPI Mode       : DIO[0m
[0;32mI (40) boot.esp32: SPI Flash Size : 2MB[0m
[0;32mI (43) boot: Enabling RNG early entropy source...[0m
[0;32mI (48) boot: Partition Table:[0m
[0;32mI (51) boot: ## Label            Usage          Type ST Offset   Length[0m
[0;32mI (57) boot:  0 nvs              WiFi data        01 02 00009000 00006000[0m
[0;32mI (63) boot:  1 phy_init         RF data          01 01 0000f000 00001000[0m
[0;32mI (70) boot:  2 factory          factory app      00 00 00010000 00100000[0m
[0;32mI (76) boot: End of partition table[0m
[0;32mI (80) esp_image: segment 0: paddr=00010020 vaddr=3f400020 size=07244h ( 29252) map[0m
[0;32mI (97) esp_image: segment 1: paddr=0001726c vaddr=3ffb0000 size=021f0h (  8688) load[0m
[0;32mI (101) esp_image: segment 2: paddr=00019464 vaddr=40080000 size=06bb4h ( 27572) load[0m
[0;32mI (113) esp_image: segment 3: paddr=00020020 vaddr=400d0020 size=0b63ch ( 46652) map[0m
[0;32mI (129) esp_image: segment 4: paddr=0002b664 vaddr=40086bb4 size=05f60h ( 24416) load[0m
[0;32mI (139) esp_image: segment 5: paddr=000315cc vaddr=50000000 size=00020h (    32) load[0m
[0;32mI (145) boot: Loaded app from partition at offset 0x10000[0m
[0;32mI (145) boot: Disabling RNG early entropy source...[0m
[0;32mI (157) cpu_start: Multicore app[0m
[0;32mI (165) cpu_start: GPIO 3 and 1 are used as console UART I/O pins[0m
[0;32mI (165) cpu_start: Pro cpu start user code[0m
[0;32mI (165) cpu_start: cpu freq: 160000000 Hz[0m
[0;32mI (167) app_init: Application information:[0m
[0;32mI (171) app_init: Project name:     test[0m
[0;32mI (175) app_init: App version:      d0df264-dirty[0m
[0;32mI (179) app_init: Compile time:     Feb 13 2026 23:33:00[0m
[0;32mI (184) app_init: ELF file SHA256:  03965eef4...[0m
[0;32mI (188) app_init: ESP-IDF:          HEAD-HASH-NOTFOUND[0m
[0;32mI (193) efuse_init: Min chip rev:     v0.0[0m
[0;32mI (197) efuse_init: Max chip rev:     v3.99 [0m
[0;32mI (201) efuse_init: Chip rev:         v3.1[0m
[0;32mI (205) heap_init: Initializing. RAM available for dynamic allocation:[0m
[0;32mI (211) heap_init: At 3FFAE6E0 len 00001920 (6 KiB): DRAM[0m
[0;32mI (216) heap_init: At 3FFB2A50 len 0002D5B0 (181 KiB): DRAM[0m
[0;32mI (222) heap_init: At 3FFE0440 len 00003AE0 (14 KiB): D/IRAM[0m
[0;32mI (227) heap_init: At 3FFE4350 len 0001BCB0 (111 KiB): D/IRAM[0m
[0;32mI (233) heap_init: At 4008CB14 len 000134EC (77 KiB): IRAM[0m
[0;33mW (239) spi_flash: Detected boya flash chip but using generic driver. For optimal functionality, enable `SPI_FLASH_SUPPORT_BOYA_CHIP` in menuconfig[0m
[0;32mI (251) spi_flash: detected chip: generic[0m
[0;32mI (254) spi_flash: flash io: dio[0m
[0;33mW (257) spi_flash: Detected size(4096k) larger than the size in the binary image header(2048k). Using the size in the binary image header.[0m
[0;32mI (270) main_task: Started on CPU0[0m
[0;32mI (280) main_task: Calling app_main()[0m
A
B
[0;32mI (280) main_task: Returned from app_main()[0m
B
A
B
A
B
A
B
A
B
A
B
A
B
A
B
A
